16:14:40:136  INFO 32568 --- [main] com.hmall.pay.PayApplication             : Starting PayApplication using Java 17.0.6 on LAPTOP-BFIC8H2P with PID 32568 (D:\Desktop\sprindcloud\2\springcloud\day02-Docker\资料\hmall\pay-service\target\classes started by 86132 in D:\Desktop\sprindcloud\2\springcloud\day02-Docker\资料\hmall)
16:14:40:140 DEBUG 32568 --- [main] com.hmall.pay.PayApplication             : Running with Spring Boot v2.7.12, Spring v5.3.27
16:14:40:140  INFO 32568 --- [main] com.hmall.pay.PayApplication             : The following 1 profile is active: "dev"
16:14:40:909  INFO 32568 --- [main] o.s.cloud.context.scope.GenericScope     : BeanFactory id=43eeb9de-8581-3d79-b8b5-c8ebf9a9025d
16:14:41:228  INFO 32568 --- [main] o.s.b.w.embedded.tomcat.TomcatWebServer  : Tomcat initialized with port(s): 8086 (http)
16:14:41:234  INFO 32568 --- [main] o.apache.catalina.core.StandardService   : Starting service [Tomcat]
16:14:41:235  INFO 32568 --- [main] org.apache.catalina.core.StandardEngine  : Starting Servlet engine: [Apache Tomcat/9.0.75]
16:14:41:387  INFO 32568 --- [main] o.a.c.c.C.[Tomcat].[localhost].[/]       : Initializing Spring embedded WebApplicationContext
16:14:41:387  INFO 32568 --- [main] w.s.c.ServletWebServerApplicationContext : Root WebApplicationContext: initialization completed in 1207 ms
16:14:41:526  INFO 32568 --- [main] o.s.c.openfeign.FeignClientFactoryBean   : For 'user-service' URL not provided. Will try picking an instance via load-balancing.
16:14:41:559  INFO 32568 --- [main] o.s.c.openfeign.FeignClientFactoryBean   : For 'trade-service' URL not provided. Will try picking an instance via load-balancing.
16:14:42:420  INFO 32568 --- [main] pertySourcedRequestMappingHandlerMapping : Mapped URL path [/v2/api-docs] onto method [springfox.documentation.swagger2.web.Swagger2ControllerWebMvc#getDocumentation(String, HttpServletRequest)]
16:14:42:853  INFO 32568 --- [main] com.alibaba.nacos.common.remote.client   : [RpcClientFactory] create a new rpc client of cc2fe7c9-7f09-4444-84a3-a6986a29f007
16:14:42:899  INFO 32568 --- [main] org.reflections.Reflections              : Reflections took 21 ms to scan 1 urls, producing 3 keys and 6 values 
16:14:42:918  INFO 32568 --- [main] org.reflections.Reflections              : Reflections took 7 ms to scan 1 urls, producing 4 keys and 9 values 
16:14:42:925  INFO 32568 --- [main] org.reflections.Reflections              : Reflections took 6 ms to scan 1 urls, producing 3 keys and 10 values 
16:14:42:926  WARN 32568 --- [main] org.reflections.Reflections              : given scan urls are empty. set urls in the configuration
16:14:42:931  INFO 32568 --- [main] org.reflections.Reflections              : Reflections took 5 ms to scan 1 urls, producing 1 keys and 5 values 
16:14:42:938  INFO 32568 --- [main] org.reflections.Reflections              : Reflections took 4 ms to scan 1 urls, producing 1 keys and 7 values 
16:14:42:945  INFO 32568 --- [main] org.reflections.Reflections              : Reflections took 5 ms to scan 1 urls, producing 2 keys and 8 values 
16:14:42:946  WARN 32568 --- [main] org.reflections.Reflections              : given scan urls are empty. set urls in the configuration
16:14:42:947  INFO 32568 --- [main] com.alibaba.nacos.common.remote.client   : [cc2fe7c9-7f09-4444-84a3-a6986a29f007] RpcClient init label, labels = {module=naming, source=sdk}
16:14:42:949  INFO 32568 --- [main] com.alibaba.nacos.common.remote.client   : [cc2fe7c9-7f09-4444-84a3-a6986a29f007] RpcClient init, ServerListFactory = com.alibaba.nacos.client.naming.core.ServerListManager
16:14:42:949  INFO 32568 --- [main] com.alibaba.nacos.common.remote.client   : [cc2fe7c9-7f09-4444-84a3-a6986a29f007] Registry connection listener to current client:com.alibaba.nacos.client.naming.remote.gprc.redo.NamingGrpcRedoService
16:14:42:949  INFO 32568 --- [main] com.alibaba.nacos.common.remote.client   : [cc2fe7c9-7f09-4444-84a3-a6986a29f007] Register server push request handler:com.alibaba.nacos.client.naming.remote.gprc.NamingPushRequestHandler
16:14:42:951  INFO 32568 --- [main] com.alibaba.nacos.common.remote.client   : [cc2fe7c9-7f09-4444-84a3-a6986a29f007] Try to connect to server on start up, server: {serverIp = '192.168.115.132', server main port = 8848}
16:14:43:935  INFO 32568 --- [main] com.alibaba.nacos.common.remote.client   : [cc2fe7c9-7f09-4444-84a3-a6986a29f007] Success to connect to server [192.168.115.132:8848] on start up, connectionId = 1737879281514_192.168.115.1_63567
16:14:43:935  INFO 32568 --- [com.alibaba.nacos.client.remote.worker] com.alibaba.nacos.common.remote.client   : [cc2fe7c9-7f09-4444-84a3-a6986a29f007] Notify connected event to listeners.
16:14:43:935  INFO 32568 --- [main] com.alibaba.nacos.common.remote.client   : [cc2fe7c9-7f09-4444-84a3-a6986a29f007] Register server push request handler:com.alibaba.nacos.common.remote.client.RpcClient$ConnectResetRequestHandler
16:14:43:935  INFO 32568 --- [main] com.alibaba.nacos.common.remote.client   : [cc2fe7c9-7f09-4444-84a3-a6986a29f007] Register server push request handler:com.alibaba.nacos.common.remote.client.RpcClient$$Lambda$992/0x000000080138a1c0
16:14:43:973  INFO 32568 --- [main] o.s.b.w.embedded.tomcat.TomcatWebServer  : Tomcat started on port(s): 8086 (http) with context path ''
16:14:43:981  INFO 32568 --- [main] c.a.c.n.registry.NacosServiceRegistry    : nacos registry, DEFAULT_GROUP pay-service 192.168.203.1:8086 register finished
16:14:44:302  INFO 32568 --- [main] d.s.w.p.DocumentationPluginsBootstrapper : Documentation plugins bootstrapped
16:14:44:304  INFO 32568 --- [main] d.s.w.p.DocumentationPluginsBootstrapper : Found 1 custom documentation plugin(s)
16:14:44:321  INFO 32568 --- [main] s.d.s.w.s.ApiListingReferenceScanner     : Scanning for api listing references
16:14:44:386  INFO 32568 --- [main] com.hmall.pay.PayApplication             : Started PayApplication in 4.948 seconds (JVM running for 5.604)
16:14:44:522  INFO 32568 --- [nacos-grpc-client-executor-9] com.alibaba.nacos.common.remote.client   : [cc2fe7c9-7f09-4444-84a3-a6986a29f007] Receive server push request, request = NotifySubscriberRequest, requestId = 16
16:14:44:523  INFO 32568 --- [nacos-grpc-client-executor-9] com.alibaba.nacos.common.remote.client   : [cc2fe7c9-7f09-4444-84a3-a6986a29f007] Ack server push request, request = NotifySubscriberRequest, requestId = 16
