16:47:27:189  INFO 21464 --- [main] com.hmall.cart.CartApplication           : The following 1 profile is active: "local"
16:47:27:668 ERROR 21464 --- [main] o.s.boot.SpringApplication               : Application run failed

java.lang.IllegalStateException: Error processing condition on com.hmall.common.config.MyBatisConfig.mybatisPlusInterceptor
	at org.springframework.boot.autoconfigure.condition.SpringBootCondition.matches(SpringBootCondition.java:60) ~[spring-boot-autoconfigure-2.7.12.jar:2.7.12]
	at org.springframework.context.annotation.ConditionEvaluator.shouldSkip(ConditionEvaluator.java:108) ~[spring-context-5.3.27.jar:5.3.27]
	at org.springframework.context.annotation.ConfigurationClassBeanDefinitionReader.loadBeanDefinitionsForBeanMethod(ConfigurationClassBeanDefinitionReader.java:193) ~[spring-context-5.3.27.jar:5.3.27]
	at org.springframework.context.annotation.ConfigurationClassBeanDefinitionReader.loadBeanDefinitionsForConfigurationClass(ConfigurationClassBeanDefinitionReader.java:153) ~[spring-context-5.3.27.jar:5.3.27]
	at org.springframework.context.annotation.ConfigurationClassBeanDefinitionReader.loadBeanDefinitions(ConfigurationClassBeanDefinitionReader.java:129) ~[spring-context-5.3.27.jar:5.3.27]
	at org.springframework.context.annotation.ConfigurationClassPostProcessor.processConfigBeanDefinitions(ConfigurationClassPostProcessor.java:343) ~[spring-context-5.3.27.jar:5.3.27]
	at org.springframework.context.annotation.ConfigurationClassPostProcessor.postProcessBeanDefinitionRegistry(ConfigurationClassPostProcessor.java:247) ~[spring-context-5.3.27.jar:5.3.27]
	at org.springframework.context.support.PostProcessorRegistrationDelegate.invokeBeanDefinitionRegistryPostProcessors(PostProcessorRegistrationDelegate.java:311) ~[spring-context-5.3.27.jar:5.3.27]
	at org.springframework.context.support.PostProcessorRegistrationDelegate.invokeBeanFactoryPostProcessors(PostProcessorRegistrationDelegate.java:112) ~[spring-context-5.3.27.jar:5.3.27]
	at org.springframework.context.support.AbstractApplicationContext.invokeBeanFactoryPostProcessors(AbstractApplicationContext.java:748) ~[spring-context-5.3.27.jar:5.3.27]
	at org.springframework.context.support.AbstractApplicationContext.refresh(AbstractApplicationContext.java:564) ~[spring-context-5.3.27.jar:5.3.27]
	at org.springframework.boot.web.servlet.context.ServletWebServerApplicationContext.refresh(ServletWebServerApplicationContext.java:147) ~[spring-boot-2.7.12.jar:2.7.12]
	at org.springframework.boot.SpringApplication.refresh(SpringApplication.java:731) ~[spring-boot-2.7.12.jar:2.7.12]
	at org.springframework.boot.SpringApplication.refreshContext(SpringApplication.java:408) ~[spring-boot-2.7.12.jar:2.7.12]
	at org.springframework.boot.SpringApplication.run(SpringApplication.java:307) ~[spring-boot-2.7.12.jar:2.7.12]
	at org.springframework.boot.SpringApplication.run(SpringApplication.java:1303) ~[spring-boot-2.7.12.jar:2.7.12]
	at org.springframework.boot.SpringApplication.run(SpringApplication.java:1292) ~[spring-boot-2.7.12.jar:2.7.12]
	at com.hmall.cart.CartApplication.main(CartApplication.java:15) ~[classes/:na]
Caused by: java.lang.IllegalStateException: Failed to introspect Class [com.hmall.common.config.MqConfig] from ClassLoader [jdk.internal.loader.ClassLoaders$AppClassLoader@63947c6b]
	at org.springframework.util.ReflectionUtils.getDeclaredMethods(ReflectionUtils.java:485) ~[spring-core-5.3.27.jar:5.3.27]
	at org.springframework.util.ReflectionUtils.doWithMethods(ReflectionUtils.java:361) ~[spring-core-5.3.27.jar:5.3.27]
	at org.springframework.util.ReflectionUtils.getUniqueDeclaredMethods(ReflectionUtils.java:418) ~[spring-core-5.3.27.jar:5.3.27]
	at org.springframework.beans.factory.support.AbstractAutowireCapableBeanFactory.lambda$getTypeForFactoryMethod$2(AbstractAutowireCapableBeanFactory.java:765) ~[spring-beans-5.3.27.jar:5.3.27]
	at java.base/java.util.concurrent.ConcurrentHashMap.computeIfAbsent(ConcurrentHashMap.java:1740) ~[na:na]
	at org.springframework.beans.factory.support.AbstractAutowireCapableBeanFactory.getTypeForFactoryMethod(AbstractAutowireCapableBeanFactory.java:764) ~[spring-beans-5.3.27.jar:5.3.27]
	at org.springframework.beans.factory.support.AbstractAutowireCapableBeanFactory.determineTargetType(AbstractAutowireCapableBeanFactory.java:703) ~[spring-beans-5.3.27.jar:5.3.27]
	at org.springframework.beans.factory.support.AbstractAutowireCapableBeanFactory.predictBeanType(AbstractAutowireCapableBeanFactory.java:674) ~[spring-beans-5.3.27.jar:5.3.27]
	at org.springframework.beans.factory.support.AbstractBeanFactory.isFactoryBean(AbstractBeanFactory.java:1684) ~[spring-beans-5.3.27.jar:5.3.27]
	at org.springframework.beans.factory.support.DefaultListableBeanFactory.doGetBeanNamesForType(DefaultListableBeanFactory.java:570) ~[spring-beans-5.3.27.jar:5.3.27]
	at org.springframework.beans.factory.support.DefaultListableBeanFactory.getBeanNamesForType(DefaultListableBeanFactory.java:542) ~[spring-beans-5.3.27.jar:5.3.27]
	at org.springframework.boot.autoconfigure.condition.OnBeanCondition.collectBeanNamesForType(OnBeanCondition.java:246) ~[spring-boot-autoconfigure-2.7.12.jar:2.7.12]
	at org.springframework.boot.autoconfigure.condition.OnBeanCondition.getBeanNamesForType(OnBeanCondition.java:239) ~[spring-boot-autoconfigure-2.7.12.jar:2.7.12]
	at org.springframework.boot.autoconfigure.condition.OnBeanCondition.getBeanNamesForType(OnBeanCondition.java:229) ~[spring-boot-autoconfigure-2.7.12.jar:2.7.12]
	at org.springframework.boot.autoconfigure.condition.OnBeanCondition.getMatchingBeans(OnBeanCondition.java:182) ~[spring-boot-autoconfigure-2.7.12.jar:2.7.12]
	at org.springframework.boot.autoconfigure.condition.OnBeanCondition.getMatchOutcome(OnBeanCondition.java:157) ~[spring-boot-autoconfigure-2.7.12.jar:2.7.12]
	at org.springframework.boot.autoconfigure.condition.SpringBootCondition.matches(SpringBootCondition.java:47) ~[spring-boot-autoconfigure-2.7.12.jar:2.7.12]
	... 17 common frames omitted
Caused by: java.lang.NoClassDefFoundError: org/springframework/amqp/support/converter/MessageConverter
	at java.base/java.lang.Class.getDeclaredMethods0(Native Method) ~[na:na]
	at java.base/java.lang.Class.privateGetDeclaredMethods(Class.java:3402) ~[na:na]
	at java.base/java.lang.Class.getDeclaredMethods(Class.java:2504) ~[na:na]
	at org.springframework.util.ReflectionUtils.getDeclaredMethods(ReflectionUtils.java:467) ~[spring-core-5.3.27.jar:5.3.27]
	... 33 common frames omitted
Caused by: java.lang.ClassNotFoundException: org.springframework.amqp.support.converter.MessageConverter
	at java.base/jdk.internal.loader.BuiltinClassLoader.loadClass(BuiltinClassLoader.java:641) ~[na:na]
	at java.base/jdk.internal.loader.ClassLoaders$AppClassLoader.loadClass(ClassLoaders.java:188) ~[na:na]
	at java.base/java.lang.ClassLoader.loadClass(ClassLoader.java:520) ~[na:na]
	... 37 common frames omitted

16:47:27:671  WARN 21464 --- [main] o.s.boot.SpringApplication               : Unable to close ApplicationContext

java.lang.IllegalStateException: Failed to introspect Class [com.hmall.common.config.MqConfig] from ClassLoader [jdk.internal.loader.ClassLoaders$AppClassLoader@63947c6b]
	at org.springframework.util.ReflectionUtils.getDeclaredMethods(ReflectionUtils.java:485) ~[spring-core-5.3.27.jar:5.3.27]
	at org.springframework.util.ReflectionUtils.doWithMethods(ReflectionUtils.java:361) ~[spring-core-5.3.27.jar:5.3.27]
	at org.springframework.util.ReflectionUtils.getUniqueDeclaredMethods(ReflectionUtils.java:418) ~[spring-core-5.3.27.jar:5.3.27]
	at org.springframework.beans.factory.support.AbstractAutowireCapableBeanFactory.lambda$getTypeForFactoryMethod$2(AbstractAutowireCapableBeanFactory.java:765) ~[spring-beans-5.3.27.jar:5.3.27]
	at java.base/java.util.concurrent.ConcurrentHashMap.computeIfAbsent(ConcurrentHashMap.java:1740) ~[na:na]
	at org.springframework.beans.factory.support.AbstractAutowireCapableBeanFactory.getTypeForFactoryMethod(AbstractAutowireCapableBeanFactory.java:764) ~[spring-beans-5.3.27.jar:5.3.27]
	at org.springframework.beans.factory.support.AbstractAutowireCapableBeanFactory.determineTargetType(AbstractAutowireCapableBeanFactory.java:703) ~[spring-beans-5.3.27.jar:5.3.27]
	at org.springframework.beans.factory.support.AbstractAutowireCapableBeanFactory.predictBeanType(AbstractAutowireCapableBeanFactory.java:674) ~[spring-beans-5.3.27.jar:5.3.27]
	at org.springframework.beans.factory.support.AbstractBeanFactory.isFactoryBean(AbstractBeanFactory.java:1684) ~[spring-beans-5.3.27.jar:5.3.27]
	at org.springframework.beans.factory.support.DefaultListableBeanFactory.doGetBeanNamesForType(DefaultListableBeanFactory.java:570) ~[spring-beans-5.3.27.jar:5.3.27]
	at org.springframework.beans.factory.support.DefaultListableBeanFactory.getBeanNamesForType(DefaultListableBeanFactory.java:542) ~[spring-beans-5.3.27.jar:5.3.27]
	at org.springframework.beans.factory.support.DefaultListableBeanFactory.getBeansOfType(DefaultListableBeanFactory.java:669) ~[spring-beans-5.3.27.jar:5.3.27]
	at org.springframework.beans.factory.support.DefaultListableBeanFactory.getBeansOfType(DefaultListableBeanFactory.java:661) ~[spring-beans-5.3.27.jar:5.3.27]
	at org.springframework.context.support.AbstractApplicationContext.getBeansOfType(AbstractApplicationContext.java:1302) ~[spring-context-5.3.27.jar:5.3.27]
	at org.springframework.boot.SpringApplication.getExitCodeFromMappedException(SpringApplication.java:864) ~[spring-boot-2.7.12.jar:2.7.12]
	at org.springframework.boot.SpringApplication.getExitCodeFromException(SpringApplication.java:852) ~[spring-boot-2.7.12.jar:2.7.12]
	at org.springframework.boot.SpringApplication.handleExitCode(SpringApplication.java:839) ~[spring-boot-2.7.12.jar:2.7.12]
	at org.springframework.boot.SpringApplication.handleRunFailure(SpringApplication.java:779) ~[spring-boot-2.7.12.jar:2.7.12]
	at org.springframework.boot.SpringApplication.run(SpringApplication.java:317) ~[spring-boot-2.7.12.jar:2.7.12]
	at org.springframework.boot.SpringApplication.run(SpringApplication.java:1303) ~[spring-boot-2.7.12.jar:2.7.12]
	at org.springframework.boot.SpringApplication.run(SpringApplication.java:1292) ~[spring-boot-2.7.12.jar:2.7.12]
	at com.hmall.cart.CartApplication.main(CartApplication.java:15) ~[classes/:na]
Caused by: java.lang.NoClassDefFoundError: org/springframework/amqp/support/converter/MessageConverter
	at java.base/java.lang.Class.getDeclaredMethods0(Native Method) ~[na:na]
	at java.base/java.lang.Class.privateGetDeclaredMethods(Class.java:3402) ~[na:na]
	at java.base/java.lang.Class.getDeclaredMethods(Class.java:2504) ~[na:na]
	at org.springframework.util.ReflectionUtils.getDeclaredMethods(ReflectionUtils.java:467) ~[spring-core-5.3.27.jar:5.3.27]
	... 21 common frames omitted
Caused by: java.lang.ClassNotFoundException: org.springframework.amqp.support.converter.MessageConverter
	at java.base/jdk.internal.loader.BuiltinClassLoader.loadClass(BuiltinClassLoader.java:641) ~[na:na]
	at java.base/jdk.internal.loader.ClassLoaders$AppClassLoader.loadClass(ClassLoaders.java:188) ~[na:na]
	at java.base/java.lang.ClassLoader.loadClass(ClassLoader.java:520) ~[na:na]
	... 25 common frames omitted

16:47:27:672  WARN 21464 --- [Thread-5] c.a.nacos.common.notify.NotifyCenter     : [NotifyCenter] Start destroying Publisher
16:47:27:672  WARN 21464 --- [Thread-1] c.a.n.common.http.HttpClientBeanHolder   : [HttpClientBeanHolder] Start destroying common HttpClient
16:47:27:672  WARN 21464 --- [Thread-5] c.a.nacos.common.notify.NotifyCenter     : [NotifyCenter] Destruction of the end
16:47:27:672  WARN 21464 --- [Thread-1] c.a.n.common.http.HttpClientBeanHolder   : [HttpClientBeanHolder] Destruction of the end
16:55:41:075  INFO 16624 --- [main] com.hmall.cart.CartApplication           : The following 1 profile is active: "local"
16:55:41:791  INFO 16624 --- [main] o.s.cloud.context.scope.GenericScope     : BeanFactory id=ab628632-c102-3488-b866-e13b222790b0
16:55:41:835  INFO 16624 --- [main] trationDelegate$BeanPostProcessorChecker : Bean 'io.seata.spring.boot.autoconfigure.SeataCoreAutoConfiguration' of type [io.seata.spring.boot.autoconfigure.SeataCoreAutoConfiguration] is not eligible for getting processed by all BeanPostProcessors (for example: not eligible for auto-proxying)
16:55:41:836  INFO 16624 --- [main] trationDelegate$BeanPostProcessorChecker : Bean 'springApplicationContextProvider' of type [io.seata.spring.boot.autoconfigure.provider.SpringApplicationContextProvider] is not eligible for getting processed by all BeanPostProcessors (for example: not eligible for auto-proxying)
16:55:41:836  INFO 16624 --- [main] trationDelegate$BeanPostProcessorChecker : Bean 'io.seata.spring.boot.autoconfigure.SeataAutoConfiguration' of type [io.seata.spring.boot.autoconfigure.SeataAutoConfiguration] is not eligible for getting processed by all BeanPostProcessors (for example: not eligible for auto-proxying)
16:55:41:869  INFO 16624 --- [main] trationDelegate$BeanPostProcessorChecker : Bean 'failureHandler' of type [io.seata.tm.api.DefaultFailureHandlerImpl] is not eligible for getting processed by all BeanPostProcessors (for example: not eligible for auto-proxying)
16:55:41:872  INFO 16624 --- [main] trationDelegate$BeanPostProcessorChecker : Bean 'org.springframework.cloud.commons.config.CommonsConfigAutoConfiguration' of type [org.springframework.cloud.commons.config.CommonsConfigAutoConfiguration] is not eligible for getting processed by all BeanPostProcessors (for example: not eligible for auto-proxying)
16:55:41:873  INFO 16624 --- [main] trationDelegate$BeanPostProcessorChecker : Bean 'org.springframework.cloud.client.loadbalancer.LoadBalancerDefaultMappingsProviderAutoConfiguration' of type [org.springframework.cloud.client.loadbalancer.LoadBalancerDefaultMappingsProviderAutoConfiguration] is not eligible for getting processed by all BeanPostProcessors (for example: not eligible for auto-proxying)
16:55:41:873  INFO 16624 --- [main] trationDelegate$BeanPostProcessorChecker : Bean 'loadBalancerClientsDefaultsMappingsProvider' of type [org.springframework.cloud.client.loadbalancer.LoadBalancerDefaultMappingsProviderAutoConfiguration$$Lambda$575/0x0000000801218000] is not eligible for getting processed by all BeanPostProcessors (for example: not eligible for auto-proxying)
16:55:41:874  INFO 16624 --- [main] trationDelegate$BeanPostProcessorChecker : Bean 'defaultsBindHandlerAdvisor' of type [org.springframework.cloud.commons.config.DefaultsBindHandlerAdvisor] is not eligible for getting processed by all BeanPostProcessors (for example: not eligible for auto-proxying)
16:55:41:877  INFO 16624 --- [main] trationDelegate$BeanPostProcessorChecker : Bean 'springCloudAlibabaConfiguration' of type [io.seata.spring.boot.autoconfigure.properties.SpringCloudAlibabaConfiguration] is not eligible for getting processed by all BeanPostProcessors (for example: not eligible for auto-proxying)
16:55:41:878  INFO 16624 --- [main] trationDelegate$BeanPostProcessorChecker : Bean 'seataProperties' of type [io.seata.spring.boot.autoconfigure.properties.SeataProperties] is not eligible for getting processed by all BeanPostProcessors (for example: not eligible for auto-proxying)
16:55:41:880  INFO 16624 --- [main] i.s.s.b.a.SeataAutoConfiguration         : Automatically configure Seata
16:55:41:924  INFO 16624 --- [main] io.seata.config.ConfigurationFactory     : load Configuration from :Spring Configuration
16:55:41:928  INFO 16624 --- [main] io.seata.config.ConfigurationFactory     : load Configuration from :Spring Configuration
16:55:41:983  INFO 16624 --- [main] i.s.s.a.GlobalTransactionScanner         : Initializing Global Transaction Clients ... 
16:55:42:040  INFO 16624 --- [main] i.s.core.rpc.netty.NettyClientBootstrap  : NettyClientBootstrap has started
16:55:42:144  INFO 16624 --- [main] com.alibaba.nacos.common.remote.client   : [RpcClientFactory] create a new rpc client of f94ccc94-8a7c-4549-b0bb-2dac9117b5dd
16:55:42:144  INFO 16624 --- [main] com.alibaba.nacos.common.remote.client   : [f94ccc94-8a7c-4549-b0bb-2dac9117b5dd] RpcClient init label, labels = {module=naming, source=sdk}
16:55:42:144  INFO 16624 --- [main] com.alibaba.nacos.common.remote.client   : [f94ccc94-8a7c-4549-b0bb-2dac9117b5dd] RpcClient init, ServerListFactory = com.alibaba.nacos.client.naming.core.ServerListManager
16:55:42:144  INFO 16624 --- [main] com.alibaba.nacos.common.remote.client   : [f94ccc94-8a7c-4549-b0bb-2dac9117b5dd] Registry connection listener to current client:com.alibaba.nacos.client.naming.remote.gprc.redo.NamingGrpcRedoService
16:55:42:144  INFO 16624 --- [main] com.alibaba.nacos.common.remote.client   : [f94ccc94-8a7c-4549-b0bb-2dac9117b5dd] Register server push request handler:com.alibaba.nacos.client.naming.remote.gprc.NamingPushRequestHandler
16:55:42:146  INFO 16624 --- [main] com.alibaba.nacos.common.remote.client   : [f94ccc94-8a7c-4549-b0bb-2dac9117b5dd] Try to connect to server on start up, server: {serverIp = '192.168.115.132', server main port = 8848}
16:55:42:272  INFO 16624 --- [main] com.alibaba.nacos.common.remote.client   : [f94ccc94-8a7c-4549-b0bb-2dac9117b5dd] Success to connect to server [192.168.115.132:8848] on start up, connectionId = 1739004941603_192.168.115.1_49920
16:55:42:272  INFO 16624 --- [main] com.alibaba.nacos.common.remote.client   : [f94ccc94-8a7c-4549-b0bb-2dac9117b5dd] Register server push request handler:com.alibaba.nacos.common.remote.client.RpcClient$ConnectResetRequestHandler
16:55:42:272  INFO 16624 --- [com.alibaba.nacos.client.remote.worker] com.alibaba.nacos.common.remote.client   : [f94ccc94-8a7c-4549-b0bb-2dac9117b5dd] Notify connected event to listeners.
16:55:42:272  INFO 16624 --- [main] com.alibaba.nacos.common.remote.client   : [f94ccc94-8a7c-4549-b0bb-2dac9117b5dd] Register server push request handler:com.alibaba.nacos.common.remote.client.RpcClient$$Lambda$484/0x00000008010edb10
16:55:42:301  INFO 16624 --- [main] i.s.c.r.netty.NettyClientChannelManager  : will connect to 192.168.115.132:8099
16:55:42:374  INFO 16624 --- [main] i.s.core.rpc.netty.NettyPoolableFactory  : NettyPool create channel to transactionRole:TMROLE,address:192.168.115.132:8099,msg:< RegisterTMRequest{applicationId='cart-service', transactionServiceGroup='hmall'} >
16:55:42:546  WARN 16624 --- [NettyClientSelector_TMROLE_1_1] ServiceLoader$InnerEnhancedServiceLoader : Load [io.seata.serializer.hessian.HessianSerializer] class fail. com/caucho/hessian/io/AbstractHessianOutput
16:55:42:566  INFO 16624 --- [main] i.s.c.rpc.netty.TmNettyRemotingClient    : register TM success. client version:1.5.2, server version:1.5.2,channel:[id: 0x6851cbd7, L:/192.168.115.1:49922 - R:/192.168.115.132:8099]
16:55:42:568  INFO 16624 --- [main] i.s.core.rpc.netty.NettyPoolableFactory  : register success, cost 41 ms, version:1.5.2,role:TMROLE,channel:[id: 0x6851cbd7, L:/192.168.115.1:49922 - R:/192.168.115.132:8099]
16:55:42:570  INFO 16624 --- [main] i.s.s.a.GlobalTransactionScanner         : Transaction Manager Client is initialized. applicationId[cart-service] txServiceGroup[hmall]
16:55:42:578  INFO 16624 --- [main] io.seata.rm.datasource.AsyncWorker       : Async Commit Buffer Limit: 10000
16:55:42:578  INFO 16624 --- [main] i.s.rm.datasource.xa.ResourceManagerXA   : ResourceManagerXA init ...
16:55:42:584  INFO 16624 --- [main] i.s.core.rpc.netty.NettyClientBootstrap  : NettyClientBootstrap has started
16:55:42:584  INFO 16624 --- [main] i.s.s.a.GlobalTransactionScanner         : Resource Manager is initialized. applicationId[cart-service] txServiceGroup[hmall]
16:55:42:584  INFO 16624 --- [main] i.s.s.a.GlobalTransactionScanner         : Global Transaction Clients are initialized. 
16:55:42:585  INFO 16624 --- [main] trationDelegate$BeanPostProcessorChecker : Bean 'io.seata.spring.boot.autoconfigure.SeataDataSourceAutoConfiguration' of type [io.seata.spring.boot.autoconfigure.SeataDataSourceAutoConfiguration] is not eligible for getting processed by all BeanPostProcessors (for example: not eligible for auto-proxying)
16:55:42:841  INFO 16624 --- [main] trationDelegate$BeanPostProcessorChecker : Bean 'com.alibaba.cloud.seata.feign.SeataFeignClientAutoConfiguration$FeignBeanPostProcessorConfiguration' of type [com.alibaba.cloud.seata.feign.SeataFeignClientAutoConfiguration$FeignBeanPostProcessorConfiguration] is not eligible for getting processed by all BeanPostProcessors (for example: not eligible for auto-proxying)
16:55:42:842  INFO 16624 --- [main] trationDelegate$BeanPostProcessorChecker : Bean 'seataFeignObjectWrapper' of type [com.alibaba.cloud.seata.feign.SeataFeignObjectWrapper] is not eligible for getting processed by all BeanPostProcessors (for example: not eligible for auto-proxying)
16:55:42:857  INFO 16624 --- [nacos-grpc-client-executor-5] com.alibaba.nacos.common.remote.client   : [f94ccc94-8a7c-4549-b0bb-2dac9117b5dd] Receive server push request, request = NotifySubscriberRequest, requestId = 4
16:55:42:858  INFO 16624 --- [nacos-grpc-client-executor-5] com.alibaba.nacos.common.remote.client   : [f94ccc94-8a7c-4549-b0bb-2dac9117b5dd] Ack server push request, request = NotifySubscriberRequest, requestId = 4
16:55:43:061  INFO 16624 --- [main] o.s.b.w.embedded.tomcat.TomcatWebServer  : Tomcat initialized with port(s): 8082 (http)
16:55:43:072  INFO 16624 --- [main] o.apache.catalina.core.StandardService   : Starting service [Tomcat]
16:55:43:072  INFO 16624 --- [main] org.apache.catalina.core.StandardEngine  : Starting Servlet engine: [Apache Tomcat/9.0.75]
16:55:43:244  INFO 16624 --- [main] o.a.c.c.C.[Tomcat].[localhost].[/]       : Initializing Spring embedded WebApplicationContext
16:55:43:244  INFO 16624 --- [main] w.s.c.ServletWebServerApplicationContext : Root WebApplicationContext: initialization completed in 2149 ms
16:55:44:122  INFO 16624 --- [main] o.s.c.openfeign.FeignClientFactoryBean   : For 'item-service' URL not provided. Will try picking an instance via load-balancing.
16:55:44:402  INFO 16624 --- [main] com.zaxxer.hikari.HikariDataSource       : HikariPool-1 - Starting...
16:55:44:613  INFO 16624 --- [main] com.zaxxer.hikari.HikariDataSource       : HikariPool-1 - Start completed.
16:55:44:672  INFO 16624 --- [main] i.s.c.r.netty.NettyClientChannelManager  : will connect to 192.168.115.132:8099
16:55:44:672  INFO 16624 --- [main] i.s.c.rpc.netty.RmNettyRemotingClient    : RM will register :jdbc:mysql://192.168.115.132:3307/hm-cart
16:55:44:672  INFO 16624 --- [main] i.s.core.rpc.netty.NettyPoolableFactory  : NettyPool create channel to transactionRole:RMROLE,address:192.168.115.132:8099,msg:< RegisterRMRequest{resourceIds='jdbc:mysql://192.168.115.132:3307/hm-cart', applicationId='cart-service', transactionServiceGroup='hmall'} >
16:55:44:678  INFO 16624 --- [main] i.s.c.rpc.netty.RmNettyRemotingClient    : register RM success. client version:1.5.2, server version:1.5.2,channel:[id: 0x228c6c5a, L:/192.168.115.1:49926 - R:/192.168.115.132:8099]
16:55:44:679  INFO 16624 --- [main] i.s.core.rpc.netty.NettyPoolableFactory  : register success, cost 5 ms, version:1.5.2,role:RMROLE,channel:[id: 0x228c6c5a, L:/192.168.115.1:49926 - R:/192.168.115.132:8099]
16:55:44:999  INFO 16624 --- [main] c.a.c.sentinel.SentinelWebMvcConfigurer  : [Sentinel Starter] register SentinelWebInterceptor with urlPatterns: [/**].
16:55:45:248  INFO 16624 --- [main] pertySourcedRequestMappingHandlerMapping : Mapped URL path [/v2/api-docs] onto method [springfox.documentation.swagger2.web.Swagger2ControllerWebMvc#getDocumentation(String, HttpServletRequest)]
16:55:45:470  INFO 16624 --- [main] com.alibaba.nacos.common.remote.client   : [RpcClientFactory] create a new rpc client of a2ed96df-28bf-4bd9-856a-843973dcebee
16:55:45:470  INFO 16624 --- [main] com.alibaba.nacos.common.remote.client   : [a2ed96df-28bf-4bd9-856a-843973dcebee] RpcClient init label, labels = {module=naming, source=sdk}
16:55:45:470  INFO 16624 --- [main] com.alibaba.nacos.common.remote.client   : [a2ed96df-28bf-4bd9-856a-843973dcebee] RpcClient init, ServerListFactory = com.alibaba.nacos.client.naming.core.ServerListManager
16:55:45:470  INFO 16624 --- [main] com.alibaba.nacos.common.remote.client   : [a2ed96df-28bf-4bd9-856a-843973dcebee] Registry connection listener to current client:com.alibaba.nacos.client.naming.remote.gprc.redo.NamingGrpcRedoService
16:55:45:470  INFO 16624 --- [main] com.alibaba.nacos.common.remote.client   : [a2ed96df-28bf-4bd9-856a-843973dcebee] Register server push request handler:com.alibaba.nacos.client.naming.remote.gprc.NamingPushRequestHandler
16:55:45:470  INFO 16624 --- [main] com.alibaba.nacos.common.remote.client   : [a2ed96df-28bf-4bd9-856a-843973dcebee] Try to connect to server on start up, server: {serverIp = '192.168.115.132', server main port = 8848}
16:55:45:586  INFO 16624 --- [main] com.alibaba.nacos.common.remote.client   : [a2ed96df-28bf-4bd9-856a-843973dcebee] Success to connect to server [192.168.115.132:8848] on start up, connectionId = 1739004944929_192.168.115.1_49937
16:55:45:586  INFO 16624 --- [main] com.alibaba.nacos.common.remote.client   : [a2ed96df-28bf-4bd9-856a-843973dcebee] Register server push request handler:com.alibaba.nacos.common.remote.client.RpcClient$ConnectResetRequestHandler
16:55:45:586  INFO 16624 --- [main] com.alibaba.nacos.common.remote.client   : [a2ed96df-28bf-4bd9-856a-843973dcebee] Register server push request handler:com.alibaba.nacos.common.remote.client.RpcClient$$Lambda$484/0x00000008010edb10
16:55:45:586  INFO 16624 --- [com.alibaba.nacos.client.remote.worker] com.alibaba.nacos.common.remote.client   : [a2ed96df-28bf-4bd9-856a-843973dcebee] Notify connected event to listeners.
16:55:45:603  INFO 16624 --- [main] o.s.b.w.embedded.tomcat.TomcatWebServer  : Tomcat started on port(s): 8082 (http) with context path ''
16:55:45:915  INFO 16624 --- [main] c.a.c.n.registry.NacosServiceRegistry    : nacos registry, DEFAULT_GROUP cart-service 192.168.203.1:8082 register finished
16:55:45:916  INFO 16624 --- [main] d.s.w.p.DocumentationPluginsBootstrapper : Documentation plugins bootstrapped
16:55:45:918  INFO 16624 --- [main] d.s.w.p.DocumentationPluginsBootstrapper : Found 1 custom documentation plugin(s)
16:55:45:930  INFO 16624 --- [main] s.d.s.w.s.ApiListingReferenceScanner     : Scanning for api listing references
16:55:45:996  INFO 16624 --- [main] com.hmall.cart.CartApplication           : Started CartApplication in 7.384 seconds (JVM running for 8.243)
16:55:46:000  INFO 16624 --- [main] c.a.c.n.refresh.NacosContextRefresher    : [Nacos Config] Listening config: dataId=cart-service, group=DEFAULT_GROUP
16:55:46:000  INFO 16624 --- [main] c.a.c.n.refresh.NacosContextRefresher    : [Nacos Config] Listening config: dataId=cart-service.yaml, group=DEFAULT_GROUP
16:55:46:000  INFO 16624 --- [main] c.a.c.n.refresh.NacosContextRefresher    : [Nacos Config] Listening config: dataId=cart-service-local.yaml, group=DEFAULT_GROUP
16:55:46:162  INFO 16624 --- [nacos-grpc-client-executor-6] com.alibaba.nacos.common.remote.client   : [a2ed96df-28bf-4bd9-856a-843973dcebee] Receive server push request, request = NotifySubscriberRequest, requestId = 5
16:55:46:164  INFO 16624 --- [nacos-grpc-client-executor-6] com.alibaba.nacos.common.remote.client   : [a2ed96df-28bf-4bd9-856a-843973dcebee] Ack server push request, request = NotifySubscriberRequest, requestId = 5
16:58:00:380  INFO 16624 --- [http-nio-8082-exec-1] o.a.c.c.C.[Tomcat].[localhost].[/]       : Initializing Spring DispatcherServlet 'dispatcherServlet'
16:58:00:381  INFO 16624 --- [http-nio-8082-exec-1] o.s.web.servlet.DispatcherServlet        : Initializing Servlet 'dispatcherServlet'
16:58:00:382  INFO 16624 --- [http-nio-8082-exec-1] o.s.web.servlet.DispatcherServlet        : Completed initialization in 1 ms
16:58:00:562  WARN 16624 --- [http-nio-8082-exec-1] c.b.m.c.t.support.ReflectLambdaMeta      : Unable to make field private final java.lang.Class java.lang.invoke.SerializedLambda.capturingClass accessible: module java.base does not "opens java.lang.invoke" to unnamed module @dd0c991
16:58:00:578 DEBUG 16624 --- [http-nio-8082-exec-1] c.h.cart.mapper.CartMapper.selectList    : ==>  Preparing: SELECT id,user_id,item_id,num,name,spec,price,image,create_time,update_time FROM cart WHERE (user_id = ?)
16:58:00:600 DEBUG 16624 --- [http-nio-8082-exec-1] c.h.cart.mapper.CartMapper.selectList    : ==> Parameters: 1(Long)
16:58:00:624 DEBUG 16624 --- [http-nio-8082-exec-1] c.h.cart.mapper.CartMapper.selectList    : <==      Total: 4
16:58:00:662 DEBUG 16624 --- [http-nio-8082-exec-1] com.hmall.api.client.ItemClient          : [ItemClient#queryItemByIds] ---> GET http://item-service/items?ids=40305713537&ids=100000006163&ids=100001511821&ids=2120808 HTTP/1.1
16:58:00:662 DEBUG 16624 --- [http-nio-8082-exec-1] com.hmall.api.client.ItemClient          : [ItemClient#queryItemByIds] user-info: 1
16:58:00:662 DEBUG 16624 --- [http-nio-8082-exec-1] com.hmall.api.client.ItemClient          : [ItemClient#queryItemByIds] ---> END HTTP (0-byte body)
16:58:01:057 DEBUG 16624 --- [http-nio-8082-exec-1] com.hmall.api.client.ItemClient          : [ItemClient#queryItemByIds] <--- HTTP/1.1 200  (394ms)
16:58:01:057 DEBUG 16624 --- [http-nio-8082-exec-1] com.hmall.api.client.ItemClient          : [ItemClient#queryItemByIds] connection: keep-alive
16:58:01:057 DEBUG 16624 --- [http-nio-8082-exec-1] com.hmall.api.client.ItemClient          : [ItemClient#queryItemByIds] content-type: application/json
16:58:01:057 DEBUG 16624 --- [http-nio-8082-exec-1] com.hmall.api.client.ItemClient          : [ItemClient#queryItemByIds] date: Sat, 08 Feb 2025 08:58:01 GMT
16:58:01:057 DEBUG 16624 --- [http-nio-8082-exec-1] com.hmall.api.client.ItemClient          : [ItemClient#queryItemByIds] keep-alive: timeout=60
16:58:01:057 DEBUG 16624 --- [http-nio-8082-exec-1] com.hmall.api.client.ItemClient          : [ItemClient#queryItemByIds] transfer-encoding: chunked
16:58:01:057 DEBUG 16624 --- [http-nio-8082-exec-1] com.hmall.api.client.ItemClient          : [ItemClient#queryItemByIds] 
16:58:01:058 DEBUG 16624 --- [http-nio-8082-exec-1] com.hmall.api.client.ItemClient          : [ItemClient#queryItemByIds] [{"id":"2120808","name":"姬龙雪 guy laroche女包 GL经典手提包女牛皮大容量单肩包女欧美时尚包包女包GS1210001-06杏色","price":71800,"stock":1,"image":"https://m.360buyimg.com/mobilecms/s720x720_jfs/t30694/267/398774087/90954/6fc143cf/5bf25358N14dadbf7.jpg!q70.jpg.webp","category":"真皮包","brand":"姬龙雪","spec":"{}","sold":0,"commentCount":0,"isAD":false,"status":1},{"id":"40305713537","name":"【官方正品 品牌直营】奥古狮登小白鞋女秋季透气2018新款百搭韩版休闲鞋运动鞋女鞋厚底板鞋女 浅蓝【厚底】 41","price":35400,"stock":10000,"image":"https://m.360buyimg.com/mobilecms/s720x720_jfs/t1/14147/34/2890/275451/5c225484Ebd346404/e61513be4639ee2e.jpg!q70.jpg.webp","category":"休闲鞋","brand":"奥古狮登","spec":"{\"颜色\": \"金色\", \"尺码\": \"41\"}","sold":0,"commentCount":0,"isAD":false,"status":1},{"id":"100000006163","name":"巴布豆(BOBDOG)柔薄悦动婴儿拉拉裤XXL码80片(15kg以上)","price":67100,"stock":10000,"image":"https://m.360buyimg.com/mobilecms/s720x720_jfs/t23998/350/2363990466/222391/a6e9581d/5b7cba5bN0c18fb4f.jpg!q70.jpg.webp","category":"拉拉裤","brand":"巴布豆","spec":"{}","sold":11,"commentCount":33343434,"isAD":false,"status":2},{"id":"100001511821","name":"HMDIME 牛仔背带裤女2018秋冬新品 韩版学院风潮流百搭弹力修身补丁学生吊带长裤女 AXNZ369 深蓝 30","price":13700,"stock":10000,"image":"https://m.360buyimg.com/mobilecms/s720x720_jfs/t30892/263/313055374/557791/c98e9abc/5bef811aN036f7c3b.jpg!q70.jpg.webp","category":"牛仔裤","brand":"HMDIME","spec":"{\"颜色\": \"蓝色\", \"尺码\": \"30\"}","sold":0,"commentCount":0,"isAD":false,"status":1}]
16:58:01:058 DEBUG 16624 --- [http-nio-8082-exec-1] com.hmall.api.client.ItemClient          : [ItemClient#queryItemByIds] <--- END HTTP (1723-byte body)
16:58:01:227  INFO 16624 --- [nacos-grpc-client-executor-36] com.alibaba.nacos.common.remote.client   : [a2ed96df-28bf-4bd9-856a-843973dcebee] Receive server push request, request = NotifySubscriberRequest, requestId = 13
16:58:01:228  INFO 16624 --- [nacos-grpc-client-executor-36] com.alibaba.nacos.common.remote.client   : [a2ed96df-28bf-4bd9-856a-843973dcebee] Ack server push request, request = NotifySubscriberRequest, requestId = 13
17:00:06:585 DEBUG 16624 --- [http-nio-8082-exec-3] c.h.cart.mapper.CartMapper.selectList    : ==>  Preparing: SELECT id,user_id,item_id,num,name,spec,price,image,create_time,update_time FROM cart WHERE (user_id = ?)
17:00:06:586 DEBUG 16624 --- [http-nio-8082-exec-3] c.h.cart.mapper.CartMapper.selectList    : ==> Parameters: 1(Long)
17:00:06:588 DEBUG 16624 --- [http-nio-8082-exec-3] c.h.cart.mapper.CartMapper.selectList    : <==      Total: 4
17:00:06:589 DEBUG 16624 --- [http-nio-8082-exec-3] com.hmall.api.client.ItemClient          : [ItemClient#queryItemByIds] ---> GET http://item-service/items?ids=40305713537&ids=100000006163&ids=100001511821&ids=2120808 HTTP/1.1
17:00:06:590 DEBUG 16624 --- [http-nio-8082-exec-3] com.hmall.api.client.ItemClient          : [ItemClient#queryItemByIds] user-info: 1
17:00:06:590 DEBUG 16624 --- [http-nio-8082-exec-3] com.hmall.api.client.ItemClient          : [ItemClient#queryItemByIds] ---> END HTTP (0-byte body)
17:00:06:605 DEBUG 16624 --- [http-nio-8082-exec-3] com.hmall.api.client.ItemClient          : [ItemClient#queryItemByIds] <--- HTTP/1.1 200  (15ms)
17:00:06:606 DEBUG 16624 --- [http-nio-8082-exec-3] com.hmall.api.client.ItemClient          : [ItemClient#queryItemByIds] connection: keep-alive
17:00:06:606 DEBUG 16624 --- [http-nio-8082-exec-3] com.hmall.api.client.ItemClient          : [ItemClient#queryItemByIds] content-type: application/json
17:00:06:606 DEBUG 16624 --- [http-nio-8082-exec-3] com.hmall.api.client.ItemClient          : [ItemClient#queryItemByIds] date: Sat, 08 Feb 2025 09:00:06 GMT
17:00:06:606 DEBUG 16624 --- [http-nio-8082-exec-3] com.hmall.api.client.ItemClient          : [ItemClient#queryItemByIds] keep-alive: timeout=60
17:00:06:606 DEBUG 16624 --- [http-nio-8082-exec-3] com.hmall.api.client.ItemClient          : [ItemClient#queryItemByIds] transfer-encoding: chunked
17:00:06:606 DEBUG 16624 --- [http-nio-8082-exec-3] com.hmall.api.client.ItemClient          : [ItemClient#queryItemByIds] 
17:00:06:606 DEBUG 16624 --- [http-nio-8082-exec-3] com.hmall.api.client.ItemClient          : [ItemClient#queryItemByIds] [{"id":"2120808","name":"姬龙雪 guy laroche女包 GL经典手提包女牛皮大容量单肩包女欧美时尚包包女包GS1210001-06杏色","price":71800,"stock":1,"image":"https://m.360buyimg.com/mobilecms/s720x720_jfs/t30694/267/398774087/90954/6fc143cf/5bf25358N14dadbf7.jpg!q70.jpg.webp","category":"真皮包","brand":"姬龙雪","spec":"{}","sold":0,"commentCount":0,"isAD":false,"status":1},{"id":"40305713537","name":"【官方正品 品牌直营】奥古狮登小白鞋女秋季透气2018新款百搭韩版休闲鞋运动鞋女鞋厚底板鞋女 浅蓝【厚底】 41","price":35400,"stock":10000,"image":"https://m.360buyimg.com/mobilecms/s720x720_jfs/t1/14147/34/2890/275451/5c225484Ebd346404/e61513be4639ee2e.jpg!q70.jpg.webp","category":"休闲鞋","brand":"奥古狮登","spec":"{\"颜色\": \"金色\", \"尺码\": \"41\"}","sold":0,"commentCount":0,"isAD":false,"status":1},{"id":"100000006163","name":"巴布豆(BOBDOG)柔薄悦动婴儿拉拉裤XXL码80片(15kg以上)","price":67100,"stock":10000,"image":"https://m.360buyimg.com/mobilecms/s720x720_jfs/t23998/350/2363990466/222391/a6e9581d/5b7cba5bN0c18fb4f.jpg!q70.jpg.webp","category":"拉拉裤","brand":"巴布豆","spec":"{}","sold":11,"commentCount":33343434,"isAD":false,"status":2},{"id":"100001511821","name":"HMDIME 牛仔背带裤女2018秋冬新品 韩版学院风潮流百搭弹力修身补丁学生吊带长裤女 AXNZ369 深蓝 30","price":13700,"stock":10000,"image":"https://m.360buyimg.com/mobilecms/s720x720_jfs/t30892/263/313055374/557791/c98e9abc/5bef811aN036f7c3b.jpg!q70.jpg.webp","category":"牛仔裤","brand":"HMDIME","spec":"{\"颜色\": \"蓝色\", \"尺码\": \"30\"}","sold":0,"commentCount":0,"isAD":false,"status":1}]
17:00:06:606 DEBUG 16624 --- [http-nio-8082-exec-3] com.hmall.api.client.ItemClient          : [ItemClient#queryItemByIds] <--- END HTTP (1723-byte body)
17:00:33:831 DEBUG 16624 --- [http-nio-8082-exec-6] com.hmall.cart.mapper.CartMapper.delete  : ==>  Preparing: DELETE FROM cart WHERE (user_id = ? AND item_id IN (?,?))
17:00:33:966 DEBUG 16624 --- [http-nio-8082-exec-6] com.hmall.cart.mapper.CartMapper.delete  : ==> Parameters: 1(Long), 100001511821(Long), 2120808(Long)
17:00:34:013 DEBUG 16624 --- [http-nio-8082-exec-6] com.hmall.cart.mapper.CartMapper.delete  : <==    Updates: 2
17:00:34:038  WARN 16624 --- [http-nio-8082-exec-6] ServiceLoader$InnerEnhancedServiceLoader : Load [io.seata.rm.datasource.undo.parser.ProtostuffUndoLogParser] class fail. io/protostuff/runtime/IdStrategy
17:00:34:443  INFO 16624 --- [rpcDispatch_RMROLE_1_1_32] i.s.c.r.p.c.RmBranchCommitProcessor      : rm client handle branch commit process:xid=192.168.115.132:8099:63667126136295425,branchId=63667126136295432,branchType=AT,resourceId=jdbc:mysql://192.168.115.132:3307/hm-cart,applicationData={"autoCommit":false}
17:00:34:444  INFO 16624 --- [rpcDispatch_RMROLE_1_1_32] io.seata.rm.AbstractRMHandler            : Branch committing: 192.168.115.132:8099:63667126136295425 63667126136295432 jdbc:mysql://192.168.115.132:3307/hm-cart {"autoCommit":false}
17:00:34:445  INFO 16624 --- [rpcDispatch_RMROLE_1_1_32] io.seata.rm.AbstractRMHandler            : Branch commit result: PhaseTwo_Committed
17:17:18:806 DEBUG 16624 --- [http-nio-8082-exec-7] c.h.cart.mapper.CartMapper.selectList    : ==>  Preparing: SELECT id,user_id,item_id,num,name,spec,price,image,create_time,update_time FROM cart WHERE (user_id = ?)
17:17:18:806 DEBUG 16624 --- [http-nio-8082-exec-7] c.h.cart.mapper.CartMapper.selectList    : ==> Parameters: 2(Long)
17:17:18:807 DEBUG 16624 --- [http-nio-8082-exec-7] c.h.cart.mapper.CartMapper.selectList    : <==      Total: 0
17:17:25:510 DEBUG 16624 --- [http-nio-8082-exec-4] c.h.cart.mapper.CartMapper.selectCount   : ==>  Preparing: SELECT COUNT( * ) AS total FROM cart WHERE (user_id = ? AND item_id = ?)
17:17:25:511 DEBUG 16624 --- [http-nio-8082-exec-4] c.h.cart.mapper.CartMapper.selectCount   : ==> Parameters: 2(Long), 100001511821(Long)
17:17:25:511 DEBUG 16624 --- [http-nio-8082-exec-4] c.h.cart.mapper.CartMapper.selectCount   : <==      Total: 1
17:17:25:513 DEBUG 16624 --- [http-nio-8082-exec-4] c.h.cart.mapper.CartMapper.selectCount   : ==>  Preparing: SELECT COUNT( * ) AS total FROM cart WHERE (user_id = ?)
17:17:25:514 DEBUG 16624 --- [http-nio-8082-exec-4] c.h.cart.mapper.CartMapper.selectCount   : ==> Parameters: 2(Long)
17:17:25:514 DEBUG 16624 --- [http-nio-8082-exec-4] c.h.cart.mapper.CartMapper.selectCount   : <==      Total: 1
17:17:25:517 DEBUG 16624 --- [http-nio-8082-exec-4] com.hmall.cart.mapper.CartMapper.insert  : ==>  Preparing: INSERT INTO cart ( user_id, item_id, name, spec, price, image ) VALUES ( ?, ?, ?, ?, ?, ? )
17:17:25:517 DEBUG 16624 --- [http-nio-8082-exec-4] com.hmall.cart.mapper.CartMapper.insert  : ==> Parameters: 2(Long), 100001511821(Long), HMDIME 牛仔背带裤女2018秋冬新品 韩版学院风潮流百搭弹力修身补丁学生吊带长裤女 AXNZ369 深蓝 30(String), {"颜色": "蓝色", "尺码": "30"}(String), 13700(Integer), https://m.360buyimg.com/mobilecms/s720x720_jfs/t30892/263/313055374/557791/c98e9abc/5bef811aN036f7c3b.jpg!q70.jpg.webp(String)
17:17:25:520 DEBUG 16624 --- [http-nio-8082-exec-4] com.hmall.cart.mapper.CartMapper.insert  : <==    Updates: 1
17:17:25:609 DEBUG 16624 --- [http-nio-8082-exec-9] c.h.cart.mapper.CartMapper.selectList    : ==>  Preparing: SELECT id,user_id,item_id,num,name,spec,price,image,create_time,update_time FROM cart WHERE (user_id = ?)
17:17:25:609 DEBUG 16624 --- [http-nio-8082-exec-9] c.h.cart.mapper.CartMapper.selectList    : ==> Parameters: 2(Long)
17:17:25:610 DEBUG 16624 --- [http-nio-8082-exec-9] c.h.cart.mapper.CartMapper.selectList    : <==      Total: 1
17:17:25:611 DEBUG 16624 --- [http-nio-8082-exec-9] com.hmall.api.client.ItemClient          : [ItemClient#queryItemByIds] ---> GET http://item-service/items?ids=100001511821 HTTP/1.1
17:17:25:611 DEBUG 16624 --- [http-nio-8082-exec-9] com.hmall.api.client.ItemClient          : [ItemClient#queryItemByIds] user-info: 2
17:17:25:611 DEBUG 16624 --- [http-nio-8082-exec-9] com.hmall.api.client.ItemClient          : [ItemClient#queryItemByIds] ---> END HTTP (0-byte body)
17:17:25:618 DEBUG 16624 --- [http-nio-8082-exec-9] com.hmall.api.client.ItemClient          : [ItemClient#queryItemByIds] <--- HTTP/1.1 200  (6ms)
17:17:25:618 DEBUG 16624 --- [http-nio-8082-exec-9] com.hmall.api.client.ItemClient          : [ItemClient#queryItemByIds] connection: keep-alive
17:17:25:618 DEBUG 16624 --- [http-nio-8082-exec-9] com.hmall.api.client.ItemClient          : [ItemClient#queryItemByIds] content-type: application/json
17:17:25:618 DEBUG 16624 --- [http-nio-8082-exec-9] com.hmall.api.client.ItemClient          : [ItemClient#queryItemByIds] date: Sat, 08 Feb 2025 09:17:25 GMT
17:17:25:618 DEBUG 16624 --- [http-nio-8082-exec-9] com.hmall.api.client.ItemClient          : [ItemClient#queryItemByIds] keep-alive: timeout=60
17:17:25:618 DEBUG 16624 --- [http-nio-8082-exec-9] com.hmall.api.client.ItemClient          : [ItemClient#queryItemByIds] transfer-encoding: chunked
17:17:25:618 DEBUG 16624 --- [http-nio-8082-exec-9] com.hmall.api.client.ItemClient          : [ItemClient#queryItemByIds] 
17:17:25:618 DEBUG 16624 --- [http-nio-8082-exec-9] com.hmall.api.client.ItemClient          : [ItemClient#queryItemByIds] [{"id":"100001511821","name":"HMDIME 牛仔背带裤女2018秋冬新品 韩版学院风潮流百搭弹力修身补丁学生吊带长裤女 AXNZ369 深蓝 30","price":13700,"stock":9999,"image":"https://m.360buyimg.com/mobilecms/s720x720_jfs/t30892/263/313055374/557791/c98e9abc/5bef811aN036f7c3b.jpg!q70.jpg.webp","category":"牛仔裤","brand":"HMDIME","spec":"{\"颜色\": \"蓝色\", \"尺码\": \"30\"}","sold":0,"commentCount":0,"isAD":false,"status":1}]
17:17:25:618 DEBUG 16624 --- [http-nio-8082-exec-9] com.hmall.api.client.ItemClient          : [ItemClient#queryItemByIds] <--- END HTTP (459-byte body)
17:17:39:048 DEBUG 16624 --- [http-nio-8082-exec-10] com.hmall.cart.mapper.CartMapper.delete  : ==>  Preparing: DELETE FROM cart WHERE (user_id = ? AND item_id IN (?))
17:17:39:050 DEBUG 16624 --- [http-nio-8082-exec-10] com.hmall.cart.mapper.CartMapper.delete  : ==> Parameters: 2(Long), 100001511821(Long)
17:17:39:057 DEBUG 16624 --- [http-nio-8082-exec-10] com.hmall.cart.mapper.CartMapper.delete  : <==    Updates: 1
17:17:39:473  INFO 16624 --- [rpcDispatch_RMROLE_1_2_32] i.s.c.r.p.c.RmBranchCommitProcessor      : rm client handle branch commit process:xid=192.168.115.132:8099:63667126136295437,branchId=63667126136295443,branchType=AT,resourceId=jdbc:mysql://192.168.115.132:3307/hm-cart,applicationData={"autoCommit":false}
17:17:39:473  INFO 16624 --- [rpcDispatch_RMROLE_1_2_32] io.seata.rm.AbstractRMHandler            : Branch committing: 192.168.115.132:8099:63667126136295437 63667126136295443 jdbc:mysql://192.168.115.132:3307/hm-cart {"autoCommit":false}
17:17:39:473  INFO 16624 --- [rpcDispatch_RMROLE_1_2_32] io.seata.rm.AbstractRMHandler            : Branch commit result: PhaseTwo_Committed
19:11:01:389  WARN 16624 --- [Thread-1] c.a.n.common.http.HttpClientBeanHolder   : [HttpClientBeanHolder] Start destroying common HttpClient
19:11:01:389  WARN 16624 --- [Thread-5] c.a.nacos.common.notify.NotifyCenter     : [NotifyCenter] Start destroying Publisher
19:11:01:390  WARN 16624 --- [Thread-5] c.a.nacos.common.notify.NotifyCenter     : [NotifyCenter] Destruction of the end
19:11:01:392  WARN 16624 --- [Thread-1] c.a.n.common.http.HttpClientBeanHolder   : [HttpClientBeanHolder] Destruction of the end
19:11:01:446  INFO 16624 --- [SpringContextShutdownHook] c.a.c.n.registry.NacosServiceRegistry    : De-registering from Nacos Server now...
19:11:01:449  INFO 16624 --- [SpringContextShutdownHook] c.a.c.n.registry.NacosServiceRegistry    : De-registration finished.
19:11:01:753  INFO 16624 --- [SpringContextShutdownHook] com.alibaba.nacos.common.remote.client   : Shutdown rpc client, set status to shutdown
19:11:01:753  INFO 16624 --- [SpringContextShutdownHook] com.alibaba.nacos.common.remote.client   : Shutdown client event executor java.util.concurrent.ScheduledThreadPoolExecutor@26abe44d[Running, pool size = 2, active threads = 2, queued tasks = 0, completed tasks = 0]
19:11:01:753  INFO 16624 --- [SpringContextShutdownHook] com.alibaba.nacos.common.remote.client   : Close current connection 1739004944929_192.168.115.1_49937
19:11:01:755  INFO 16624 --- [nacos-grpc-client-executor-1643] c.a.n.c.remote.client.grpc.GrpcClient    : [1739004944929_192.168.115.1_49937]Ignore complete event,isRunning:false,isAbandon=false
19:11:01:760  INFO 16624 --- [SpringContextShutdownHook] c.a.n.c.remote.client.grpc.GrpcClient    : Shutdown grpc executor java.util.concurrent.ThreadPoolExecutor@7d722be[Running, pool size = 6, active threads = 0, queued tasks = 0, completed tasks = 1644]
19:11:01:764  INFO 16624 --- [SpringContextShutdownHook] com.zaxxer.hikari.HikariDataSource       : HikariPool-1 - Shutdown initiated...
19:11:01:771  INFO 16624 --- [SpringContextShutdownHook] com.zaxxer.hikari.HikariDataSource       : HikariPool-1 - Shutdown completed.
19:11:01:781  INFO 16624 --- [NettyClientSelector_RMROLE_1_1] i.s.c.r.n.AbstractNettyRemotingClient    : channel inactive: [id: 0x228c6c5a, L:/192.168.115.1:49926 ! R:/192.168.115.132:8099]
19:11:01:781  INFO 16624 --- [NettyClientSelector_RMROLE_1_1] i.s.c.r.netty.NettyClientChannelManager  : return to pool, rm channel:[id: 0x228c6c5a, L:/192.168.115.1:49926 ! R:/192.168.115.132:8099]
19:11:01:782  INFO 16624 --- [NettyClientSelector_RMROLE_1_1] i.s.core.rpc.netty.NettyPoolableFactory  : channel valid false,channel:[id: 0x228c6c5a, L:/192.168.115.1:49926 ! R:/192.168.115.132:8099]
19:11:01:782  INFO 16624 --- [NettyClientSelector_RMROLE_1_1] i.s.core.rpc.netty.NettyPoolableFactory  : will destroy channel:[id: 0x228c6c5a, L:/192.168.115.1:49926 ! R:/192.168.115.132:8099]
19:11:01:782  INFO 16624 --- [NettyClientSelector_RMROLE_1_1] i.s.c.r.n.AbstractNettyRemotingClient    : ChannelHandlerContext(AbstractNettyRemotingClient$ClientHandler#0, [id: 0x228c6c5a, L:/192.168.115.1:49926 ! R:/192.168.115.132:8099]) will closed
19:11:01:782  INFO 16624 --- [NettyClientSelector_RMROLE_1_1] i.s.c.r.n.AbstractNettyRemotingClient    : ChannelHandlerContext(AbstractNettyRemotingClient$ClientHandler#0, [id: 0x228c6c5a, L:/192.168.115.1:49926 ! R:/192.168.115.132:8099]) will closed
19:11:13:183  INFO 9300 --- [main] com.hmall.cart.CartApplication           : The following 1 profile is active: "local"
19:11:13:848  INFO 9300 --- [main] o.s.cloud.context.scope.GenericScope     : BeanFactory id=ab628632-c102-3488-b866-e13b222790b0
19:11:13:892  INFO 9300 --- [main] trationDelegate$BeanPostProcessorChecker : Bean 'io.seata.spring.boot.autoconfigure.SeataCoreAutoConfiguration' of type [io.seata.spring.boot.autoconfigure.SeataCoreAutoConfiguration] is not eligible for getting processed by all BeanPostProcessors (for example: not eligible for auto-proxying)
19:11:13:892  INFO 9300 --- [main] trationDelegate$BeanPostProcessorChecker : Bean 'springApplicationContextProvider' of type [io.seata.spring.boot.autoconfigure.provider.SpringApplicationContextProvider] is not eligible for getting processed by all BeanPostProcessors (for example: not eligible for auto-proxying)
19:11:13:892  INFO 9300 --- [main] trationDelegate$BeanPostProcessorChecker : Bean 'io.seata.spring.boot.autoconfigure.SeataAutoConfiguration' of type [io.seata.spring.boot.autoconfigure.SeataAutoConfiguration] is not eligible for getting processed by all BeanPostProcessors (for example: not eligible for auto-proxying)
19:11:13:921  INFO 9300 --- [main] trationDelegate$BeanPostProcessorChecker : Bean 'failureHandler' of type [io.seata.tm.api.DefaultFailureHandlerImpl] is not eligible for getting processed by all BeanPostProcessors (for example: not eligible for auto-proxying)
19:11:13:924  INFO 9300 --- [main] trationDelegate$BeanPostProcessorChecker : Bean 'org.springframework.cloud.commons.config.CommonsConfigAutoConfiguration' of type [org.springframework.cloud.commons.config.CommonsConfigAutoConfiguration] is not eligible for getting processed by all BeanPostProcessors (for example: not eligible for auto-proxying)
19:11:13:924  INFO 9300 --- [main] trationDelegate$BeanPostProcessorChecker : Bean 'org.springframework.cloud.client.loadbalancer.LoadBalancerDefaultMappingsProviderAutoConfiguration' of type [org.springframework.cloud.client.loadbalancer.LoadBalancerDefaultMappingsProviderAutoConfiguration] is not eligible for getting processed by all BeanPostProcessors (for example: not eligible for auto-proxying)
19:11:13:925  INFO 9300 --- [main] trationDelegate$BeanPostProcessorChecker : Bean 'loadBalancerClientsDefaultsMappingsProvider' of type [org.springframework.cloud.client.loadbalancer.LoadBalancerDefaultMappingsProviderAutoConfiguration$$Lambda$575/0x0000000801218890] is not eligible for getting processed by all BeanPostProcessors (for example: not eligible for auto-proxying)
19:11:13:925  INFO 9300 --- [main] trationDelegate$BeanPostProcessorChecker : Bean 'defaultsBindHandlerAdvisor' of type [org.springframework.cloud.commons.config.DefaultsBindHandlerAdvisor] is not eligible for getting processed by all BeanPostProcessors (for example: not eligible for auto-proxying)
19:11:13:927  INFO 9300 --- [main] trationDelegate$BeanPostProcessorChecker : Bean 'springCloudAlibabaConfiguration' of type [io.seata.spring.boot.autoconfigure.properties.SpringCloudAlibabaConfiguration] is not eligible for getting processed by all BeanPostProcessors (for example: not eligible for auto-proxying)
19:11:13:928  INFO 9300 --- [main] trationDelegate$BeanPostProcessorChecker : Bean 'seataProperties' of type [io.seata.spring.boot.autoconfigure.properties.SeataProperties] is not eligible for getting processed by all BeanPostProcessors (for example: not eligible for auto-proxying)
19:11:13:929  INFO 9300 --- [main] i.s.s.b.a.SeataAutoConfiguration         : Automatically configure Seata
19:11:13:968  INFO 9300 --- [main] io.seata.config.ConfigurationFactory     : load Configuration from :Spring Configuration
19:11:13:973  INFO 9300 --- [main] io.seata.config.ConfigurationFactory     : load Configuration from :Spring Configuration
19:11:14:025  INFO 9300 --- [main] i.s.s.a.GlobalTransactionScanner         : Initializing Global Transaction Clients ... 
19:11:14:077  INFO 9300 --- [main] i.s.core.rpc.netty.NettyClientBootstrap  : NettyClientBootstrap has started
19:11:14:184  INFO 9300 --- [main] com.alibaba.nacos.common.remote.client   : [RpcClientFactory] create a new rpc client of 8d40da5e-e1d2-4216-a9d3-221293d3d768
19:11:14:184  INFO 9300 --- [main] com.alibaba.nacos.common.remote.client   : [8d40da5e-e1d2-4216-a9d3-221293d3d768] RpcClient init label, labels = {module=naming, source=sdk}
19:11:14:185  INFO 9300 --- [main] com.alibaba.nacos.common.remote.client   : [8d40da5e-e1d2-4216-a9d3-221293d3d768] RpcClient init, ServerListFactory = com.alibaba.nacos.client.naming.core.ServerListManager
19:11:14:185  INFO 9300 --- [main] com.alibaba.nacos.common.remote.client   : [8d40da5e-e1d2-4216-a9d3-221293d3d768] Registry connection listener to current client:com.alibaba.nacos.client.naming.remote.gprc.redo.NamingGrpcRedoService
19:11:14:185  INFO 9300 --- [main] com.alibaba.nacos.common.remote.client   : [8d40da5e-e1d2-4216-a9d3-221293d3d768] Register server push request handler:com.alibaba.nacos.client.naming.remote.gprc.NamingPushRequestHandler
19:11:14:186  INFO 9300 --- [main] com.alibaba.nacos.common.remote.client   : [8d40da5e-e1d2-4216-a9d3-221293d3d768] Try to connect to server on start up, server: {serverIp = '192.168.115.132', server main port = 8848}
19:11:14:309  INFO 9300 --- [main] com.alibaba.nacos.common.remote.client   : [8d40da5e-e1d2-4216-a9d3-221293d3d768] Success to connect to server [192.168.115.132:8848] on start up, connectionId = 1739013073259_192.168.115.1_53985
19:11:14:309  INFO 9300 --- [main] com.alibaba.nacos.common.remote.client   : [8d40da5e-e1d2-4216-a9d3-221293d3d768] Register server push request handler:com.alibaba.nacos.common.remote.client.RpcClient$ConnectResetRequestHandler
19:11:14:309  INFO 9300 --- [com.alibaba.nacos.client.remote.worker] com.alibaba.nacos.common.remote.client   : [8d40da5e-e1d2-4216-a9d3-221293d3d768] Notify connected event to listeners.
19:11:14:309  INFO 9300 --- [main] com.alibaba.nacos.common.remote.client   : [8d40da5e-e1d2-4216-a9d3-221293d3d768] Register server push request handler:com.alibaba.nacos.common.remote.client.RpcClient$$Lambda$484/0x00000008010edd18
19:11:14:335  INFO 9300 --- [main] i.s.c.r.netty.NettyClientChannelManager  : will connect to 192.168.115.132:8099
19:11:14:396  INFO 9300 --- [main] i.s.core.rpc.netty.NettyPoolableFactory  : NettyPool create channel to transactionRole:TMROLE,address:192.168.115.132:8099,msg:< RegisterTMRequest{applicationId='cart-service', transactionServiceGroup='hmall'} >
19:11:14:562  WARN 9300 --- [NettyClientSelector_TMROLE_1_1] ServiceLoader$InnerEnhancedServiceLoader : Load [io.seata.serializer.hessian.HessianSerializer] class fail. com/caucho/hessian/io/AbstractHessianOutput
19:11:14:581  INFO 9300 --- [main] i.s.c.rpc.netty.TmNettyRemotingClient    : register TM success. client version:1.5.2, server version:1.5.2,channel:[id: 0x741c6262, L:/192.168.115.1:53986 - R:/192.168.115.132:8099]
19:11:14:584  INFO 9300 --- [main] i.s.core.rpc.netty.NettyPoolableFactory  : register success, cost 42 ms, version:1.5.2,role:TMROLE,channel:[id: 0x741c6262, L:/192.168.115.1:53986 - R:/192.168.115.132:8099]
19:11:14:584  INFO 9300 --- [main] i.s.s.a.GlobalTransactionScanner         : Transaction Manager Client is initialized. applicationId[cart-service] txServiceGroup[hmall]
19:11:14:593  INFO 9300 --- [main] io.seata.rm.datasource.AsyncWorker       : Async Commit Buffer Limit: 10000
19:11:14:594  INFO 9300 --- [main] i.s.rm.datasource.xa.ResourceManagerXA   : ResourceManagerXA init ...
19:11:14:599  INFO 9300 --- [main] i.s.core.rpc.netty.NettyClientBootstrap  : NettyClientBootstrap has started
19:11:14:599  INFO 9300 --- [main] i.s.s.a.GlobalTransactionScanner         : Resource Manager is initialized. applicationId[cart-service] txServiceGroup[hmall]
19:11:14:599  INFO 9300 --- [main] i.s.s.a.GlobalTransactionScanner         : Global Transaction Clients are initialized. 
19:11:14:600  INFO 9300 --- [main] trationDelegate$BeanPostProcessorChecker : Bean 'io.seata.spring.boot.autoconfigure.SeataDataSourceAutoConfiguration' of type [io.seata.spring.boot.autoconfigure.SeataDataSourceAutoConfiguration] is not eligible for getting processed by all BeanPostProcessors (for example: not eligible for auto-proxying)
19:11:14:799  INFO 9300 --- [main] trationDelegate$BeanPostProcessorChecker : Bean 'com.alibaba.cloud.seata.feign.SeataFeignClientAutoConfiguration$FeignBeanPostProcessorConfiguration' of type [com.alibaba.cloud.seata.feign.SeataFeignClientAutoConfiguration$FeignBeanPostProcessorConfiguration] is not eligible for getting processed by all BeanPostProcessors (for example: not eligible for auto-proxying)
19:11:14:802  INFO 9300 --- [main] trationDelegate$BeanPostProcessorChecker : Bean 'seataFeignObjectWrapper' of type [com.alibaba.cloud.seata.feign.SeataFeignObjectWrapper] is not eligible for getting processed by all BeanPostProcessors (for example: not eligible for auto-proxying)
19:11:14:912  INFO 9300 --- [nacos-grpc-client-executor-4] com.alibaba.nacos.common.remote.client   : [8d40da5e-e1d2-4216-a9d3-221293d3d768] Receive server push request, request = NotifySubscriberRequest, requestId = 28
19:11:14:912  INFO 9300 --- [nacos-grpc-client-executor-4] com.alibaba.nacos.common.remote.client   : [8d40da5e-e1d2-4216-a9d3-221293d3d768] Ack server push request, request = NotifySubscriberRequest, requestId = 28
19:11:14:991  INFO 9300 --- [main] o.s.b.w.embedded.tomcat.TomcatWebServer  : Tomcat initialized with port(s): 8082 (http)
19:11:14:998  INFO 9300 --- [main] o.apache.catalina.core.StandardService   : Starting service [Tomcat]
19:11:14:998  INFO 9300 --- [main] org.apache.catalina.core.StandardEngine  : Starting Servlet engine: [Apache Tomcat/9.0.75]
19:11:15:179  INFO 9300 --- [main] o.a.c.c.C.[Tomcat].[localhost].[/]       : Initializing Spring embedded WebApplicationContext
19:11:15:179  INFO 9300 --- [main] w.s.c.ServletWebServerApplicationContext : Root WebApplicationContext: initialization completed in 1981 ms
19:11:15:994  INFO 9300 --- [main] o.s.c.openfeign.FeignClientFactoryBean   : For 'item-service' URL not provided. Will try picking an instance via load-balancing.
19:11:16:260  INFO 9300 --- [main] com.zaxxer.hikari.HikariDataSource       : HikariPool-1 - Starting...
19:11:16:459  INFO 9300 --- [main] com.zaxxer.hikari.HikariDataSource       : HikariPool-1 - Start completed.
19:11:16:515  INFO 9300 --- [main] i.s.c.r.netty.NettyClientChannelManager  : will connect to 192.168.115.132:8099
19:11:16:515  INFO 9300 --- [main] i.s.c.rpc.netty.RmNettyRemotingClient    : RM will register :jdbc:mysql://192.168.115.132:3307/hm-cart
19:11:16:515  INFO 9300 --- [main] i.s.core.rpc.netty.NettyPoolableFactory  : NettyPool create channel to transactionRole:RMROLE,address:192.168.115.132:8099,msg:< RegisterRMRequest{resourceIds='jdbc:mysql://192.168.115.132:3307/hm-cart', applicationId='cart-service', transactionServiceGroup='hmall'} >
19:11:16:522  INFO 9300 --- [main] i.s.c.rpc.netty.RmNettyRemotingClient    : register RM success. client version:1.5.2, server version:1.5.2,channel:[id: 0x84154677, L:/192.168.115.1:53990 - R:/192.168.115.132:8099]
19:11:16:522  INFO 9300 --- [main] i.s.core.rpc.netty.NettyPoolableFactory  : register success, cost 5 ms, version:1.5.2,role:RMROLE,channel:[id: 0x84154677, L:/192.168.115.1:53990 - R:/192.168.115.132:8099]
19:11:16:830  INFO 9300 --- [main] c.a.c.sentinel.SentinelWebMvcConfigurer  : [Sentinel Starter] register SentinelWebInterceptor with urlPatterns: [/**].
19:11:17:087  INFO 9300 --- [main] pertySourcedRequestMappingHandlerMapping : Mapped URL path [/v2/api-docs] onto method [springfox.documentation.swagger2.web.Swagger2ControllerWebMvc#getDocumentation(String, HttpServletRequest)]
19:11:17:294  INFO 9300 --- [main] com.alibaba.nacos.common.remote.client   : [RpcClientFactory] create a new rpc client of becc5ee6-53c1-4f20-957c-5557feba7abd
19:11:17:294  INFO 9300 --- [main] com.alibaba.nacos.common.remote.client   : [becc5ee6-53c1-4f20-957c-5557feba7abd] RpcClient init label, labels = {module=naming, source=sdk}
19:11:17:294  INFO 9300 --- [main] com.alibaba.nacos.common.remote.client   : [becc5ee6-53c1-4f20-957c-5557feba7abd] RpcClient init, ServerListFactory = com.alibaba.nacos.client.naming.core.ServerListManager
19:11:17:294  INFO 9300 --- [main] com.alibaba.nacos.common.remote.client   : [becc5ee6-53c1-4f20-957c-5557feba7abd] Registry connection listener to current client:com.alibaba.nacos.client.naming.remote.gprc.redo.NamingGrpcRedoService
19:11:17:294  INFO 9300 --- [main] com.alibaba.nacos.common.remote.client   : [becc5ee6-53c1-4f20-957c-5557feba7abd] Register server push request handler:com.alibaba.nacos.client.naming.remote.gprc.NamingPushRequestHandler
19:11:17:295  INFO 9300 --- [main] com.alibaba.nacos.common.remote.client   : [becc5ee6-53c1-4f20-957c-5557feba7abd] Try to connect to server on start up, server: {serverIp = '192.168.115.132', server main port = 8848}
19:11:17:408  INFO 9300 --- [main] com.alibaba.nacos.common.remote.client   : [becc5ee6-53c1-4f20-957c-5557feba7abd] Success to connect to server [192.168.115.132:8848] on start up, connectionId = 1739013076370_192.168.115.1_54001
19:11:17:408  INFO 9300 --- [main] com.alibaba.nacos.common.remote.client   : [becc5ee6-53c1-4f20-957c-5557feba7abd] Register server push request handler:com.alibaba.nacos.common.remote.client.RpcClient$ConnectResetRequestHandler
19:11:17:408  INFO 9300 --- [main] com.alibaba.nacos.common.remote.client   : [becc5ee6-53c1-4f20-957c-5557feba7abd] Register server push request handler:com.alibaba.nacos.common.remote.client.RpcClient$$Lambda$484/0x00000008010edd18
19:11:17:408  INFO 9300 --- [com.alibaba.nacos.client.remote.worker] com.alibaba.nacos.common.remote.client   : [becc5ee6-53c1-4f20-957c-5557feba7abd] Notify connected event to listeners.
19:11:17:423  INFO 9300 --- [main] o.s.b.w.embedded.tomcat.TomcatWebServer  : Tomcat started on port(s): 8082 (http) with context path ''
19:11:17:715  INFO 9300 --- [main] c.a.c.n.registry.NacosServiceRegistry    : nacos registry, DEFAULT_GROUP cart-service 192.168.203.1:8082 register finished
19:11:17:715  INFO 9300 --- [main] d.s.w.p.DocumentationPluginsBootstrapper : Documentation plugins bootstrapped
19:11:17:718  INFO 9300 --- [main] d.s.w.p.DocumentationPluginsBootstrapper : Found 1 custom documentation plugin(s)
19:11:17:730  INFO 9300 --- [main] s.d.s.w.s.ApiListingReferenceScanner     : Scanning for api listing references
19:11:17:793  INFO 9300 --- [main] com.hmall.cart.CartApplication           : Started CartApplication in 7.101 seconds (JVM running for 7.839)
19:11:17:798  INFO 9300 --- [main] c.a.c.n.refresh.NacosContextRefresher    : [Nacos Config] Listening config: dataId=cart-service, group=DEFAULT_GROUP
19:11:17:799  INFO 9300 --- [main] c.a.c.n.refresh.NacosContextRefresher    : [Nacos Config] Listening config: dataId=cart-service.yaml, group=DEFAULT_GROUP
19:11:17:799  INFO 9300 --- [main] c.a.c.n.refresh.NacosContextRefresher    : [Nacos Config] Listening config: dataId=cart-service-local.yaml, group=DEFAULT_GROUP
19:11:17:918  INFO 9300 --- [nacos-grpc-client-executor-6] com.alibaba.nacos.common.remote.client   : [becc5ee6-53c1-4f20-957c-5557feba7abd] Receive server push request, request = NotifySubscriberRequest, requestId = 29
19:11:17:919  INFO 9300 --- [nacos-grpc-client-executor-6] com.alibaba.nacos.common.remote.client   : [becc5ee6-53c1-4f20-957c-5557feba7abd] Ack server push request, request = NotifySubscriberRequest, requestId = 29
19:21:27:492  INFO 9300 --- [http-nio-8082-exec-1] o.a.c.c.C.[Tomcat].[localhost].[/]       : Initializing Spring DispatcherServlet 'dispatcherServlet'
19:21:27:492  INFO 9300 --- [http-nio-8082-exec-1] o.s.web.servlet.DispatcherServlet        : Initializing Servlet 'dispatcherServlet'
19:21:27:493  INFO 9300 --- [http-nio-8082-exec-1] o.s.web.servlet.DispatcherServlet        : Completed initialization in 1 ms
19:21:27:645  WARN 9300 --- [http-nio-8082-exec-1] c.b.m.c.t.support.ReflectLambdaMeta      : Unable to make field private final java.lang.Class java.lang.invoke.SerializedLambda.capturingClass accessible: module java.base does not "opens java.lang.invoke" to unnamed module @dd0c991
19:21:27:661 DEBUG 9300 --- [http-nio-8082-exec-1] c.h.cart.mapper.CartMapper.selectList    : ==>  Preparing: SELECT id,user_id,item_id,num,name,spec,price,image,create_time,update_time FROM cart WHERE (user_id = ?)
19:21:27:684 DEBUG 9300 --- [http-nio-8082-exec-1] c.h.cart.mapper.CartMapper.selectList    : ==> Parameters: 1(Long)
19:21:27:707 DEBUG 9300 --- [http-nio-8082-exec-1] c.h.cart.mapper.CartMapper.selectList    : <==      Total: 2
19:21:27:744 DEBUG 9300 --- [http-nio-8082-exec-1] com.hmall.api.client.ItemClient          : [ItemClient#queryItemByIds] ---> GET http://item-service/items?ids=40305713537&ids=100000006163 HTTP/1.1
19:21:27:744 DEBUG 9300 --- [http-nio-8082-exec-1] com.hmall.api.client.ItemClient          : [ItemClient#queryItemByIds] user-info: 1
19:21:27:744 DEBUG 9300 --- [http-nio-8082-exec-1] com.hmall.api.client.ItemClient          : [ItemClient#queryItemByIds] ---> END HTTP (0-byte body)
19:21:28:182 DEBUG 9300 --- [http-nio-8082-exec-1] com.hmall.api.client.ItemClient          : [ItemClient#queryItemByIds] <--- HTTP/1.1 200  (438ms)
19:21:28:182 DEBUG 9300 --- [http-nio-8082-exec-1] com.hmall.api.client.ItemClient          : [ItemClient#queryItemByIds] connection: keep-alive
19:21:28:182 DEBUG 9300 --- [http-nio-8082-exec-1] com.hmall.api.client.ItemClient          : [ItemClient#queryItemByIds] content-type: application/json
19:21:28:184 DEBUG 9300 --- [http-nio-8082-exec-1] com.hmall.api.client.ItemClient          : [ItemClient#queryItemByIds] date: Sat, 08 Feb 2025 11:21:28 GMT
19:21:28:184 DEBUG 9300 --- [http-nio-8082-exec-1] com.hmall.api.client.ItemClient          : [ItemClient#queryItemByIds] keep-alive: timeout=60
19:21:28:184 DEBUG 9300 --- [http-nio-8082-exec-1] com.hmall.api.client.ItemClient          : [ItemClient#queryItemByIds] transfer-encoding: chunked
19:21:28:184 DEBUG 9300 --- [http-nio-8082-exec-1] com.hmall.api.client.ItemClient          : [ItemClient#queryItemByIds] 
19:21:28:184 DEBUG 9300 --- [http-nio-8082-exec-1] com.hmall.api.client.ItemClient          : [ItemClient#queryItemByIds] [{"id":"40305713537","name":"【官方正品 品牌直营】奥古狮登小白鞋女秋季透气2018新款百搭韩版休闲鞋运动鞋女鞋厚底板鞋女 浅蓝【厚底】 41","price":35400,"stock":10000,"image":"https://m.360buyimg.com/mobilecms/s720x720_jfs/t1/14147/34/2890/275451/5c225484Ebd346404/e61513be4639ee2e.jpg!q70.jpg.webp","category":"休闲鞋","brand":"奥古狮登","spec":"{\"颜色\": \"金色\", \"尺码\": \"41\"}","sold":0,"commentCount":0,"isAD":false,"status":1},{"id":"100000006163","name":"巴布豆(BOBDOG)柔薄悦动婴儿拉拉裤XXL码80片(15kg以上)","price":67100,"stock":10000,"image":"https://m.360buyimg.com/mobilecms/s720x720_jfs/t23998/350/2363990466/222391/a6e9581d/5b7cba5bN0c18fb4f.jpg!q70.jpg.webp","category":"拉拉裤","brand":"巴布豆","spec":"{}","sold":11,"commentCount":33343434,"isAD":false,"status":2}]
19:21:28:184 DEBUG 9300 --- [http-nio-8082-exec-1] com.hmall.api.client.ItemClient          : [ItemClient#queryItemByIds] <--- END HTTP (863-byte body)
19:21:28:381  INFO 9300 --- [nacos-grpc-client-executor-130] com.alibaba.nacos.common.remote.client   : [becc5ee6-53c1-4f20-957c-5557feba7abd] Receive server push request, request = NotifySubscriberRequest, requestId = 40
19:21:28:381  INFO 9300 --- [nacos-grpc-client-executor-130] com.alibaba.nacos.common.remote.client   : [becc5ee6-53c1-4f20-957c-5557feba7abd] Ack server push request, request = NotifySubscriberRequest, requestId = 40
19:21:43:440 DEBUG 9300 --- [http-nio-8082-exec-2] com.hmall.cart.mapper.CartMapper.delete  : ==>  Preparing: DELETE FROM cart WHERE (user_id = ? AND item_id IN (?))
19:21:43:608 DEBUG 9300 --- [http-nio-8082-exec-2] com.hmall.cart.mapper.CartMapper.delete  : ==> Parameters: 1(Long), 40305713537(Long)
19:21:43:655 DEBUG 9300 --- [http-nio-8082-exec-2] com.hmall.cart.mapper.CartMapper.delete  : <==    Updates: 1
19:21:43:677  WARN 9300 --- [http-nio-8082-exec-2] ServiceLoader$InnerEnhancedServiceLoader : Load [io.seata.rm.datasource.undo.parser.ProtostuffUndoLogParser] class fail. io/protostuff/runtime/IdStrategy
19:21:44:820  INFO 9300 --- [rpcDispatch_RMROLE_1_1_32] i.s.c.r.p.c.RmBranchCommitProcessor      : rm client handle branch commit process:xid=192.168.115.132:8099:63667126136295448,branchId=63667126136295454,branchType=AT,resourceId=jdbc:mysql://192.168.115.132:3307/hm-cart,applicationData={"autoCommit":false}
19:21:44:820  INFO 9300 --- [rpcDispatch_RMROLE_1_1_32] io.seata.rm.AbstractRMHandler            : Branch committing: 192.168.115.132:8099:63667126136295448 63667126136295454 jdbc:mysql://192.168.115.132:3307/hm-cart {"autoCommit":false}
19:21:44:822  INFO 9300 --- [rpcDispatch_RMROLE_1_1_32] io.seata.rm.AbstractRMHandler            : Branch commit result: PhaseTwo_Committed
19:27:14:625  WARN 9300 --- [Thread-5] c.a.nacos.common.notify.NotifyCenter     : [NotifyCenter] Start destroying Publisher
19:27:14:625  WARN 9300 --- [Thread-1] c.a.n.common.http.HttpClientBeanHolder   : [HttpClientBeanHolder] Start destroying common HttpClient
19:27:14:625  WARN 9300 --- [Thread-5] c.a.nacos.common.notify.NotifyCenter     : [NotifyCenter] Destruction of the end
19:27:14:625  WARN 9300 --- [Thread-1] c.a.n.common.http.HttpClientBeanHolder   : [HttpClientBeanHolder] Destruction of the end
19:27:14:659  INFO 9300 --- [SpringContextShutdownHook] c.a.c.n.registry.NacosServiceRegistry    : De-registering from Nacos Server now...
19:27:14:662  INFO 9300 --- [SpringContextShutdownHook] c.a.c.n.registry.NacosServiceRegistry    : De-registration finished.
19:27:14:967  INFO 9300 --- [SpringContextShutdownHook] com.alibaba.nacos.common.remote.client   : Shutdown rpc client, set status to shutdown
19:27:14:967  INFO 9300 --- [SpringContextShutdownHook] com.alibaba.nacos.common.remote.client   : Shutdown client event executor java.util.concurrent.ScheduledThreadPoolExecutor@4c1d88cc[Running, pool size = 2, active threads = 2, queued tasks = 0, completed tasks = 0]
19:27:14:967  INFO 9300 --- [SpringContextShutdownHook] com.alibaba.nacos.common.remote.client   : Close current connection 1739013076370_192.168.115.1_54001
19:27:14:969  INFO 9300 --- [nacos-grpc-client-executor-202] c.a.n.c.remote.client.grpc.GrpcClient    : [1739013076370_192.168.115.1_54001]Ignore complete event,isRunning:false,isAbandon=false
19:27:14:970  INFO 9300 --- [SpringContextShutdownHook] c.a.n.c.remote.client.grpc.GrpcClient    : Shutdown grpc executor java.util.concurrent.ThreadPoolExecutor@95c9444[Running, pool size = 5, active threads = 0, queued tasks = 0, completed tasks = 203]
19:27:14:971  INFO 9300 --- [SpringContextShutdownHook] com.zaxxer.hikari.HikariDataSource       : HikariPool-1 - Shutdown initiated...
19:27:14:980  INFO 9300 --- [SpringContextShutdownHook] com.zaxxer.hikari.HikariDataSource       : HikariPool-1 - Shutdown completed.
19:27:14:984  INFO 9300 --- [NettyClientSelector_TMROLE_1_1] i.s.c.r.n.AbstractNettyRemotingClient    : channel inactive: [id: 0x741c6262, L:/192.168.115.1:53986 ! R:/192.168.115.132:8099]
19:27:14:984  INFO 9300 --- [NettyClientSelector_TMROLE_1_1] i.s.c.r.netty.NettyClientChannelManager  : return to pool, rm channel:[id: 0x741c6262, L:/192.168.115.1:53986 ! R:/192.168.115.132:8099]
19:27:14:984  INFO 9300 --- [NettyClientSelector_TMROLE_1_1] i.s.core.rpc.netty.NettyPoolableFactory  : channel valid false,channel:[id: 0x741c6262, L:/192.168.115.1:53986 ! R:/192.168.115.132:8099]
19:27:14:984  INFO 9300 --- [NettyClientSelector_TMROLE_1_1] i.s.core.rpc.netty.NettyPoolableFactory  : will destroy channel:[id: 0x741c6262, L:/192.168.115.1:53986 ! R:/192.168.115.132:8099]
19:27:14:984  INFO 9300 --- [NettyClientSelector_TMROLE_1_1] i.s.c.r.n.AbstractNettyRemotingClient    : ChannelHandlerContext(AbstractNettyRemotingClient$ClientHandler#0, [id: 0x741c6262, L:/192.168.115.1:53986 ! R:/192.168.115.132:8099]) will closed
19:27:14:984  INFO 9300 --- [NettyClientSelector_TMROLE_1_1] i.s.c.r.n.AbstractNettyRemotingClient    : ChannelHandlerContext(AbstractNettyRemotingClient$ClientHandler#0, [id: 0x741c6262, L:/192.168.115.1:53986 ! R:/192.168.115.132:8099]) will closed
19:27:14:984  INFO 9300 --- [NettyClientSelector_RMROLE_1_1] i.s.c.r.n.AbstractNettyRemotingClient    : channel inactive: [id: 0x84154677, L:/192.168.115.1:53990 ! R:/192.168.115.132:8099]
19:27:14:984  INFO 9300 --- [NettyClientSelector_RMROLE_1_1] i.s.c.r.netty.NettyClientChannelManager  : return to pool, rm channel:[id: 0x84154677, L:/192.168.115.1:53990 ! R:/192.168.115.132:8099]
19:27:14:984  INFO 9300 --- [NettyClientSelector_RMROLE_1_1] i.s.core.rpc.netty.NettyPoolableFactory  : channel valid false,channel:[id: 0x84154677, L:/192.168.115.1:53990 ! R:/192.168.115.132:8099]
19:27:14:984  INFO 9300 --- [NettyClientSelector_RMROLE_1_1] i.s.core.rpc.netty.NettyPoolableFactory  : will destroy channel:[id: 0x84154677, L:/192.168.115.1:53990 ! R:/192.168.115.132:8099]
19:27:14:984  INFO 9300 --- [NettyClientSelector_RMROLE_1_1] i.s.c.r.n.AbstractNettyRemotingClient    : ChannelHandlerContext(AbstractNettyRemotingClient$ClientHandler#0, [id: 0x84154677, L:/192.168.115.1:53990 ! R:/192.168.115.132:8099]) will closed
19:27:14:985  INFO 9300 --- [NettyClientSelector_RMROLE_1_1] i.s.c.r.n.AbstractNettyRemotingClient    : ChannelHandlerContext(AbstractNettyRemotingClient$ClientHandler#0, [id: 0x84154677, L:/192.168.115.1:53990 ! R:/192.168.115.132:8099]) will closed
19:27:44:193  INFO 26424 --- [main] com.hmall.cart.CartApplication           : The following 1 profile is active: "local"
19:27:44:849  INFO 26424 --- [main] o.s.cloud.context.scope.GenericScope     : BeanFactory id=ab628632-c102-3488-b866-e13b222790b0
19:27:44:895  INFO 26424 --- [main] trationDelegate$BeanPostProcessorChecker : Bean 'io.seata.spring.boot.autoconfigure.SeataCoreAutoConfiguration' of type [io.seata.spring.boot.autoconfigure.SeataCoreAutoConfiguration] is not eligible for getting processed by all BeanPostProcessors (for example: not eligible for auto-proxying)
19:27:44:897  INFO 26424 --- [main] trationDelegate$BeanPostProcessorChecker : Bean 'springApplicationContextProvider' of type [io.seata.spring.boot.autoconfigure.provider.SpringApplicationContextProvider] is not eligible for getting processed by all BeanPostProcessors (for example: not eligible for auto-proxying)
19:27:44:897  INFO 26424 --- [main] trationDelegate$BeanPostProcessorChecker : Bean 'io.seata.spring.boot.autoconfigure.SeataAutoConfiguration' of type [io.seata.spring.boot.autoconfigure.SeataAutoConfiguration] is not eligible for getting processed by all BeanPostProcessors (for example: not eligible for auto-proxying)
19:27:44:925  INFO 26424 --- [main] trationDelegate$BeanPostProcessorChecker : Bean 'failureHandler' of type [io.seata.tm.api.DefaultFailureHandlerImpl] is not eligible for getting processed by all BeanPostProcessors (for example: not eligible for auto-proxying)
19:27:44:928  INFO 26424 --- [main] trationDelegate$BeanPostProcessorChecker : Bean 'org.springframework.cloud.commons.config.CommonsConfigAutoConfiguration' of type [org.springframework.cloud.commons.config.CommonsConfigAutoConfiguration] is not eligible for getting processed by all BeanPostProcessors (for example: not eligible for auto-proxying)
19:27:44:929  INFO 26424 --- [main] trationDelegate$BeanPostProcessorChecker : Bean 'org.springframework.cloud.client.loadbalancer.LoadBalancerDefaultMappingsProviderAutoConfiguration' of type [org.springframework.cloud.client.loadbalancer.LoadBalancerDefaultMappingsProviderAutoConfiguration] is not eligible for getting processed by all BeanPostProcessors (for example: not eligible for auto-proxying)
19:27:44:929  INFO 26424 --- [main] trationDelegate$BeanPostProcessorChecker : Bean 'loadBalancerClientsDefaultsMappingsProvider' of type [org.springframework.cloud.client.loadbalancer.LoadBalancerDefaultMappingsProviderAutoConfiguration$$Lambda$575/0x00000008012188f8] is not eligible for getting processed by all BeanPostProcessors (for example: not eligible for auto-proxying)
19:27:44:930  INFO 26424 --- [main] trationDelegate$BeanPostProcessorChecker : Bean 'defaultsBindHandlerAdvisor' of type [org.springframework.cloud.commons.config.DefaultsBindHandlerAdvisor] is not eligible for getting processed by all BeanPostProcessors (for example: not eligible for auto-proxying)
19:27:44:931  INFO 26424 --- [main] trationDelegate$BeanPostProcessorChecker : Bean 'springCloudAlibabaConfiguration' of type [io.seata.spring.boot.autoconfigure.properties.SpringCloudAlibabaConfiguration] is not eligible for getting processed by all BeanPostProcessors (for example: not eligible for auto-proxying)
19:27:44:933  INFO 26424 --- [main] trationDelegate$BeanPostProcessorChecker : Bean 'seataProperties' of type [io.seata.spring.boot.autoconfigure.properties.SeataProperties] is not eligible for getting processed by all BeanPostProcessors (for example: not eligible for auto-proxying)
19:27:44:933  INFO 26424 --- [main] i.s.s.b.a.SeataAutoConfiguration         : Automatically configure Seata
19:27:44:974  INFO 26424 --- [main] io.seata.config.ConfigurationFactory     : load Configuration from :Spring Configuration
19:27:44:979  INFO 26424 --- [main] io.seata.config.ConfigurationFactory     : load Configuration from :Spring Configuration
19:27:45:026  INFO 26424 --- [main] i.s.s.a.GlobalTransactionScanner         : Initializing Global Transaction Clients ... 
19:27:45:078  INFO 26424 --- [main] i.s.core.rpc.netty.NettyClientBootstrap  : NettyClientBootstrap has started
19:27:45:178  INFO 26424 --- [main] com.alibaba.nacos.common.remote.client   : [RpcClientFactory] create a new rpc client of f1fa7a45-79d4-41e6-95f1-bdf632e44e22
19:27:45:179  INFO 26424 --- [main] com.alibaba.nacos.common.remote.client   : [f1fa7a45-79d4-41e6-95f1-bdf632e44e22] RpcClient init label, labels = {module=naming, source=sdk}
19:27:45:179  INFO 26424 --- [main] com.alibaba.nacos.common.remote.client   : [f1fa7a45-79d4-41e6-95f1-bdf632e44e22] RpcClient init, ServerListFactory = com.alibaba.nacos.client.naming.core.ServerListManager
19:27:45:180  INFO 26424 --- [main] com.alibaba.nacos.common.remote.client   : [f1fa7a45-79d4-41e6-95f1-bdf632e44e22] Registry connection listener to current client:com.alibaba.nacos.client.naming.remote.gprc.redo.NamingGrpcRedoService
19:27:45:180  INFO 26424 --- [main] com.alibaba.nacos.common.remote.client   : [f1fa7a45-79d4-41e6-95f1-bdf632e44e22] Register server push request handler:com.alibaba.nacos.client.naming.remote.gprc.NamingPushRequestHandler
19:27:45:180  INFO 26424 --- [main] com.alibaba.nacos.common.remote.client   : [f1fa7a45-79d4-41e6-95f1-bdf632e44e22] Try to connect to server on start up, server: {serverIp = '192.168.115.132', server main port = 8848}
19:27:45:301  INFO 26424 --- [main] com.alibaba.nacos.common.remote.client   : [f1fa7a45-79d4-41e6-95f1-bdf632e44e22] Success to connect to server [192.168.115.132:8848] on start up, connectionId = 1739014064233_192.168.115.1_57136
19:27:45:301  INFO 26424 --- [main] com.alibaba.nacos.common.remote.client   : [f1fa7a45-79d4-41e6-95f1-bdf632e44e22] Register server push request handler:com.alibaba.nacos.common.remote.client.RpcClient$ConnectResetRequestHandler
19:27:45:301  INFO 26424 --- [com.alibaba.nacos.client.remote.worker] com.alibaba.nacos.common.remote.client   : [f1fa7a45-79d4-41e6-95f1-bdf632e44e22] Notify connected event to listeners.
19:27:45:301  INFO 26424 --- [main] com.alibaba.nacos.common.remote.client   : [f1fa7a45-79d4-41e6-95f1-bdf632e44e22] Register server push request handler:com.alibaba.nacos.common.remote.client.RpcClient$$Lambda$484/0x00000008010ee350
19:27:45:329  INFO 26424 --- [main] i.s.c.r.netty.NettyClientChannelManager  : will connect to 192.168.115.132:8099
19:27:45:392  INFO 26424 --- [main] i.s.core.rpc.netty.NettyPoolableFactory  : NettyPool create channel to transactionRole:TMROLE,address:192.168.115.132:8099,msg:< RegisterTMRequest{applicationId='cart-service', transactionServiceGroup='hmall'} >
19:27:45:551  WARN 26424 --- [NettyClientSelector_TMROLE_1_1] ServiceLoader$InnerEnhancedServiceLoader : Load [io.seata.serializer.hessian.HessianSerializer] class fail. com/caucho/hessian/io/AbstractHessianOutput
19:27:45:578  INFO 26424 --- [main] i.s.c.rpc.netty.TmNettyRemotingClient    : register TM success. client version:1.5.2, server version:1.5.2,channel:[id: 0xba5e912b, L:/192.168.115.1:57140 - R:/192.168.115.132:8099]
19:27:45:582  INFO 26424 --- [main] i.s.core.rpc.netty.NettyPoolableFactory  : register success, cost 50 ms, version:1.5.2,role:TMROLE,channel:[id: 0xba5e912b, L:/192.168.115.1:57140 - R:/192.168.115.132:8099]
19:27:45:582  INFO 26424 --- [main] i.s.s.a.GlobalTransactionScanner         : Transaction Manager Client is initialized. applicationId[cart-service] txServiceGroup[hmall]
19:27:45:590  INFO 26424 --- [main] io.seata.rm.datasource.AsyncWorker       : Async Commit Buffer Limit: 10000
19:27:45:590  INFO 26424 --- [main] i.s.rm.datasource.xa.ResourceManagerXA   : ResourceManagerXA init ...
19:27:45:595  INFO 26424 --- [main] i.s.core.rpc.netty.NettyClientBootstrap  : NettyClientBootstrap has started
19:27:45:595  INFO 26424 --- [main] i.s.s.a.GlobalTransactionScanner         : Resource Manager is initialized. applicationId[cart-service] txServiceGroup[hmall]
19:27:45:595  INFO 26424 --- [main] i.s.s.a.GlobalTransactionScanner         : Global Transaction Clients are initialized. 
19:27:45:596  INFO 26424 --- [main] trationDelegate$BeanPostProcessorChecker : Bean 'io.seata.spring.boot.autoconfigure.SeataDataSourceAutoConfiguration' of type [io.seata.spring.boot.autoconfigure.SeataDataSourceAutoConfiguration] is not eligible for getting processed by all BeanPostProcessors (for example: not eligible for auto-proxying)
19:27:45:777  INFO 26424 --- [main] trationDelegate$BeanPostProcessorChecker : Bean 'com.alibaba.cloud.seata.feign.SeataFeignClientAutoConfiguration$FeignBeanPostProcessorConfiguration' of type [com.alibaba.cloud.seata.feign.SeataFeignClientAutoConfiguration$FeignBeanPostProcessorConfiguration] is not eligible for getting processed by all BeanPostProcessors (for example: not eligible for auto-proxying)
19:27:45:779  INFO 26424 --- [main] trationDelegate$BeanPostProcessorChecker : Bean 'seataFeignObjectWrapper' of type [com.alibaba.cloud.seata.feign.SeataFeignObjectWrapper] is not eligible for getting processed by all BeanPostProcessors (for example: not eligible for auto-proxying)
19:27:45:823  INFO 26424 --- [nacos-grpc-client-executor-5] com.alibaba.nacos.common.remote.client   : [f1fa7a45-79d4-41e6-95f1-bdf632e44e22] Receive server push request, request = NotifySubscriberRequest, requestId = 49
19:27:45:825  INFO 26424 --- [nacos-grpc-client-executor-5] com.alibaba.nacos.common.remote.client   : [f1fa7a45-79d4-41e6-95f1-bdf632e44e22] Ack server push request, request = NotifySubscriberRequest, requestId = 49
19:27:45:959  INFO 26424 --- [main] o.s.b.w.embedded.tomcat.TomcatWebServer  : Tomcat initialized with port(s): 8082 (http)
19:27:45:964  INFO 26424 --- [main] o.apache.catalina.core.StandardService   : Starting service [Tomcat]
19:27:45:966  INFO 26424 --- [main] org.apache.catalina.core.StandardEngine  : Starting Servlet engine: [Apache Tomcat/9.0.75]
19:27:46:141  INFO 26424 --- [main] o.a.c.c.C.[Tomcat].[localhost].[/]       : Initializing Spring embedded WebApplicationContext
19:27:46:142  INFO 26424 --- [main] w.s.c.ServletWebServerApplicationContext : Root WebApplicationContext: initialization completed in 1937 ms
19:27:46:959  INFO 26424 --- [main] o.s.c.openfeign.FeignClientFactoryBean   : For 'item-service' URL not provided. Will try picking an instance via load-balancing.
19:27:47:209  INFO 26424 --- [main] com.zaxxer.hikari.HikariDataSource       : HikariPool-1 - Starting...
19:27:47:405  INFO 26424 --- [main] com.zaxxer.hikari.HikariDataSource       : HikariPool-1 - Start completed.
19:27:47:464  INFO 26424 --- [main] i.s.c.r.netty.NettyClientChannelManager  : will connect to 192.168.115.132:8099
19:27:47:465  INFO 26424 --- [main] i.s.c.rpc.netty.RmNettyRemotingClient    : RM will register :jdbc:mysql://192.168.115.132:3307/hm-cart
19:27:47:465  INFO 26424 --- [main] i.s.core.rpc.netty.NettyPoolableFactory  : NettyPool create channel to transactionRole:RMROLE,address:192.168.115.132:8099,msg:< RegisterRMRequest{resourceIds='jdbc:mysql://192.168.115.132:3307/hm-cart', applicationId='cart-service', transactionServiceGroup='hmall'} >
19:27:47:469  INFO 26424 --- [main] i.s.c.rpc.netty.RmNettyRemotingClient    : register RM success. client version:1.5.2, server version:1.5.2,channel:[id: 0x937786f3, L:/192.168.115.1:57152 - R:/192.168.115.132:8099]
19:27:47:469  INFO 26424 --- [main] i.s.core.rpc.netty.NettyPoolableFactory  : register success, cost 3 ms, version:1.5.2,role:RMROLE,channel:[id: 0x937786f3, L:/192.168.115.1:57152 - R:/192.168.115.132:8099]
19:27:47:781  INFO 26424 --- [main] c.a.c.sentinel.SentinelWebMvcConfigurer  : [Sentinel Starter] register SentinelWebInterceptor with urlPatterns: [/**].
19:27:48:038  INFO 26424 --- [main] pertySourcedRequestMappingHandlerMapping : Mapped URL path [/v2/api-docs] onto method [springfox.documentation.swagger2.web.Swagger2ControllerWebMvc#getDocumentation(String, HttpServletRequest)]
19:27:48:252  INFO 26424 --- [main] com.alibaba.nacos.common.remote.client   : [RpcClientFactory] create a new rpc client of 64a8ee3e-00f9-44d0-a7f6-52439d3ca0bd
19:27:48:253  INFO 26424 --- [main] com.alibaba.nacos.common.remote.client   : [64a8ee3e-00f9-44d0-a7f6-52439d3ca0bd] RpcClient init label, labels = {module=naming, source=sdk}
19:27:48:253  INFO 26424 --- [main] com.alibaba.nacos.common.remote.client   : [64a8ee3e-00f9-44d0-a7f6-52439d3ca0bd] RpcClient init, ServerListFactory = com.alibaba.nacos.client.naming.core.ServerListManager
19:27:48:253  INFO 26424 --- [main] com.alibaba.nacos.common.remote.client   : [64a8ee3e-00f9-44d0-a7f6-52439d3ca0bd] Registry connection listener to current client:com.alibaba.nacos.client.naming.remote.gprc.redo.NamingGrpcRedoService
19:27:48:253  INFO 26424 --- [main] com.alibaba.nacos.common.remote.client   : [64a8ee3e-00f9-44d0-a7f6-52439d3ca0bd] Register server push request handler:com.alibaba.nacos.client.naming.remote.gprc.NamingPushRequestHandler
19:27:48:253  INFO 26424 --- [main] com.alibaba.nacos.common.remote.client   : [64a8ee3e-00f9-44d0-a7f6-52439d3ca0bd] Try to connect to server on start up, server: {serverIp = '192.168.115.132', server main port = 8848}
19:27:48:366  INFO 26424 --- [main] com.alibaba.nacos.common.remote.client   : [64a8ee3e-00f9-44d0-a7f6-52439d3ca0bd] Success to connect to server [192.168.115.132:8848] on start up, connectionId = 1739014067307_192.168.115.1_57164
19:27:48:366  INFO 26424 --- [main] com.alibaba.nacos.common.remote.client   : [64a8ee3e-00f9-44d0-a7f6-52439d3ca0bd] Register server push request handler:com.alibaba.nacos.common.remote.client.RpcClient$ConnectResetRequestHandler
19:27:48:366  INFO 26424 --- [main] com.alibaba.nacos.common.remote.client   : [64a8ee3e-00f9-44d0-a7f6-52439d3ca0bd] Register server push request handler:com.alibaba.nacos.common.remote.client.RpcClient$$Lambda$484/0x00000008010ee350
19:27:48:366  INFO 26424 --- [com.alibaba.nacos.client.remote.worker] com.alibaba.nacos.common.remote.client   : [64a8ee3e-00f9-44d0-a7f6-52439d3ca0bd] Notify connected event to listeners.
19:27:48:382  INFO 26424 --- [main] o.s.b.w.embedded.tomcat.TomcatWebServer  : Tomcat started on port(s): 8082 (http) with context path ''
19:27:48:691  INFO 26424 --- [main] c.a.c.n.registry.NacosServiceRegistry    : nacos registry, DEFAULT_GROUP cart-service 192.168.203.1:8082 register finished
19:27:48:692  INFO 26424 --- [main] d.s.w.p.DocumentationPluginsBootstrapper : Documentation plugins bootstrapped
19:27:48:694  INFO 26424 --- [main] d.s.w.p.DocumentationPluginsBootstrapper : Found 1 custom documentation plugin(s)
19:27:48:707  INFO 26424 --- [main] s.d.s.w.s.ApiListingReferenceScanner     : Scanning for api listing references
19:27:48:772  INFO 26424 --- [main] com.hmall.cart.CartApplication           : Started CartApplication in 6.923 seconds (JVM running for 7.609)
19:27:48:776  INFO 26424 --- [main] c.a.c.n.refresh.NacosContextRefresher    : [Nacos Config] Listening config: dataId=cart-service, group=DEFAULT_GROUP
19:27:48:777  INFO 26424 --- [main] c.a.c.n.refresh.NacosContextRefresher    : [Nacos Config] Listening config: dataId=cart-service.yaml, group=DEFAULT_GROUP
19:27:48:777  INFO 26424 --- [main] c.a.c.n.refresh.NacosContextRefresher    : [Nacos Config] Listening config: dataId=cart-service-local.yaml, group=DEFAULT_GROUP
19:27:48:928  INFO 26424 --- [nacos-grpc-client-executor-6] com.alibaba.nacos.common.remote.client   : [64a8ee3e-00f9-44d0-a7f6-52439d3ca0bd] Receive server push request, request = NotifySubscriberRequest, requestId = 50
19:27:48:929  INFO 26424 --- [nacos-grpc-client-executor-6] com.alibaba.nacos.common.remote.client   : [64a8ee3e-00f9-44d0-a7f6-52439d3ca0bd] Ack server push request, request = NotifySubscriberRequest, requestId = 50
19:32:16:917  INFO 26424 --- [http-nio-8082-exec-1] o.a.c.c.C.[Tomcat].[localhost].[/]       : Initializing Spring DispatcherServlet 'dispatcherServlet'
19:32:16:917  INFO 26424 --- [http-nio-8082-exec-1] o.s.web.servlet.DispatcherServlet        : Initializing Servlet 'dispatcherServlet'
19:32:16:918  INFO 26424 --- [http-nio-8082-exec-1] o.s.web.servlet.DispatcherServlet        : Completed initialization in 1 ms
19:32:17:092  WARN 26424 --- [http-nio-8082-exec-1] c.b.m.c.t.support.ReflectLambdaMeta      : Unable to make field private final java.lang.Class java.lang.invoke.SerializedLambda.capturingClass accessible: module java.base does not "opens java.lang.invoke" to unnamed module @dd0c991
19:32:17:107 DEBUG 26424 --- [http-nio-8082-exec-1] c.h.cart.mapper.CartMapper.selectList    : ==>  Preparing: SELECT id,user_id,item_id,num,name,spec,price,image,create_time,update_time FROM cart WHERE (user_id = ?)
19:32:17:132 DEBUG 26424 --- [http-nio-8082-exec-1] c.h.cart.mapper.CartMapper.selectList    : ==> Parameters: 1(Long)
19:32:17:153 DEBUG 26424 --- [http-nio-8082-exec-1] c.h.cart.mapper.CartMapper.selectList    : <==      Total: 1
19:32:17:184 DEBUG 26424 --- [http-nio-8082-exec-1] com.hmall.api.client.ItemClient          : [ItemClient#queryItemByIds] ---> GET http://item-service/items?ids=100000006163 HTTP/1.1
19:32:17:185 DEBUG 26424 --- [http-nio-8082-exec-1] com.hmall.api.client.ItemClient          : [ItemClient#queryItemByIds] user-info: 1
19:32:17:185 DEBUG 26424 --- [http-nio-8082-exec-1] com.hmall.api.client.ItemClient          : [ItemClient#queryItemByIds] ---> END HTTP (0-byte body)
19:32:17:610 DEBUG 26424 --- [http-nio-8082-exec-1] com.hmall.api.client.ItemClient          : [ItemClient#queryItemByIds] <--- HTTP/1.1 200  (425ms)
19:32:17:610 DEBUG 26424 --- [http-nio-8082-exec-1] com.hmall.api.client.ItemClient          : [ItemClient#queryItemByIds] connection: keep-alive
19:32:17:610 DEBUG 26424 --- [http-nio-8082-exec-1] com.hmall.api.client.ItemClient          : [ItemClient#queryItemByIds] content-type: application/json
19:32:17:610 DEBUG 26424 --- [http-nio-8082-exec-1] com.hmall.api.client.ItemClient          : [ItemClient#queryItemByIds] date: Sat, 08 Feb 2025 11:32:17 GMT
19:32:17:610 DEBUG 26424 --- [http-nio-8082-exec-1] com.hmall.api.client.ItemClient          : [ItemClient#queryItemByIds] keep-alive: timeout=60
19:32:17:610 DEBUG 26424 --- [http-nio-8082-exec-1] com.hmall.api.client.ItemClient          : [ItemClient#queryItemByIds] transfer-encoding: chunked
19:32:17:611 DEBUG 26424 --- [http-nio-8082-exec-1] com.hmall.api.client.ItemClient          : [ItemClient#queryItemByIds] 
19:32:17:611 DEBUG 26424 --- [http-nio-8082-exec-1] com.hmall.api.client.ItemClient          : [ItemClient#queryItemByIds] [{"id":"100000006163","name":"巴布豆(BOBDOG)柔薄悦动婴儿拉拉裤XXL码80片(15kg以上)","price":67100,"stock":10000,"image":"https://m.360buyimg.com/mobilecms/s720x720_jfs/t23998/350/2363990466/222391/a6e9581d/5b7cba5bN0c18fb4f.jpg!q70.jpg.webp","category":"拉拉裤","brand":"巴布豆","spec":"{}","sold":11,"commentCount":33343434,"isAD":false,"status":2}]
19:32:17:612 DEBUG 26424 --- [http-nio-8082-exec-1] com.hmall.api.client.ItemClient          : [ItemClient#queryItemByIds] <--- END HTTP (371-byte body)
19:32:17:775  INFO 26424 --- [nacos-grpc-client-executor-61] com.alibaba.nacos.common.remote.client   : [64a8ee3e-00f9-44d0-a7f6-52439d3ca0bd] Receive server push request, request = NotifySubscriberRequest, requestId = 62
19:32:17:777  INFO 26424 --- [nacos-grpc-client-executor-61] com.alibaba.nacos.common.remote.client   : [64a8ee3e-00f9-44d0-a7f6-52439d3ca0bd] Ack server push request, request = NotifySubscriberRequest, requestId = 62
19:32:21:259 DEBUG 26424 --- [http-nio-8082-exec-2] c.h.cart.mapper.CartMapper.selectList    : ==>  Preparing: SELECT id,user_id,item_id,num,name,spec,price,image,create_time,update_time FROM cart WHERE (user_id = ?)
19:32:21:259 DEBUG 26424 --- [http-nio-8082-exec-2] c.h.cart.mapper.CartMapper.selectList    : ==> Parameters: 1(Long)
19:32:21:260 DEBUG 26424 --- [http-nio-8082-exec-2] c.h.cart.mapper.CartMapper.selectList    : <==      Total: 1
19:32:21:261 DEBUG 26424 --- [http-nio-8082-exec-2] com.hmall.api.client.ItemClient          : [ItemClient#queryItemByIds] ---> GET http://item-service/items?ids=100000006163 HTTP/1.1
19:32:21:261 DEBUG 26424 --- [http-nio-8082-exec-2] com.hmall.api.client.ItemClient          : [ItemClient#queryItemByIds] user-info: 1
19:32:21:261 DEBUG 26424 --- [http-nio-8082-exec-2] com.hmall.api.client.ItemClient          : [ItemClient#queryItemByIds] ---> END HTTP (0-byte body)
19:32:21:269 DEBUG 26424 --- [http-nio-8082-exec-2] com.hmall.api.client.ItemClient          : [ItemClient#queryItemByIds] <--- HTTP/1.1 200  (7ms)
19:32:21:269 DEBUG 26424 --- [http-nio-8082-exec-2] com.hmall.api.client.ItemClient          : [ItemClient#queryItemByIds] connection: keep-alive
19:32:21:269 DEBUG 26424 --- [http-nio-8082-exec-2] com.hmall.api.client.ItemClient          : [ItemClient#queryItemByIds] content-type: application/json
19:32:21:269 DEBUG 26424 --- [http-nio-8082-exec-2] com.hmall.api.client.ItemClient          : [ItemClient#queryItemByIds] date: Sat, 08 Feb 2025 11:32:21 GMT
19:32:21:269 DEBUG 26424 --- [http-nio-8082-exec-2] com.hmall.api.client.ItemClient          : [ItemClient#queryItemByIds] keep-alive: timeout=60
19:32:21:269 DEBUG 26424 --- [http-nio-8082-exec-2] com.hmall.api.client.ItemClient          : [ItemClient#queryItemByIds] transfer-encoding: chunked
19:32:21:269 DEBUG 26424 --- [http-nio-8082-exec-2] com.hmall.api.client.ItemClient          : [ItemClient#queryItemByIds] 
19:32:21:269 DEBUG 26424 --- [http-nio-8082-exec-2] com.hmall.api.client.ItemClient          : [ItemClient#queryItemByIds] [{"id":"100000006163","name":"巴布豆(BOBDOG)柔薄悦动婴儿拉拉裤XXL码80片(15kg以上)","price":67100,"stock":10000,"image":"https://m.360buyimg.com/mobilecms/s720x720_jfs/t23998/350/2363990466/222391/a6e9581d/5b7cba5bN0c18fb4f.jpg!q70.jpg.webp","category":"拉拉裤","brand":"巴布豆","spec":"{}","sold":11,"commentCount":33343434,"isAD":false,"status":2}]
19:32:21:269 DEBUG 26424 --- [http-nio-8082-exec-2] com.hmall.api.client.ItemClient          : [ItemClient#queryItemByIds] <--- END HTTP (371-byte body)
21:10:39:776  WARN 26424 --- [Thread-1] c.a.n.common.http.HttpClientBeanHolder   : [HttpClientBeanHolder] Start destroying common HttpClient
21:10:39:776  WARN 26424 --- [Thread-5] c.a.nacos.common.notify.NotifyCenter     : [NotifyCenter] Start destroying Publisher
21:10:39:776  WARN 26424 --- [Thread-5] c.a.nacos.common.notify.NotifyCenter     : [NotifyCenter] Destruction of the end
21:10:39:776  WARN 26424 --- [Thread-1] c.a.n.common.http.HttpClientBeanHolder   : [HttpClientBeanHolder] Destruction of the end
21:10:39:808  INFO 26424 --- [SpringContextShutdownHook] c.a.c.n.registry.NacosServiceRegistry    : De-registering from Nacos Server now...
21:10:39:811  INFO 26424 --- [SpringContextShutdownHook] c.a.c.n.registry.NacosServiceRegistry    : De-registration finished.
21:10:40:115  INFO 26424 --- [SpringContextShutdownHook] com.alibaba.nacos.common.remote.client   : Shutdown rpc client, set status to shutdown
21:10:40:115  INFO 26424 --- [SpringContextShutdownHook] com.alibaba.nacos.common.remote.client   : Shutdown client event executor java.util.concurrent.ScheduledThreadPoolExecutor@7878a6ba[Running, pool size = 2, active threads = 2, queued tasks = 0, completed tasks = 0]
21:10:40:115  INFO 26424 --- [SpringContextShutdownHook] com.alibaba.nacos.common.remote.client   : Close current connection 1739014067307_192.168.115.1_57164
21:10:40:117  INFO 26424 --- [nacos-grpc-client-executor-1247] c.a.n.c.remote.client.grpc.GrpcClient    : [1739014067307_192.168.115.1_57164]Ignore complete event,isRunning:false,isAbandon=false
21:10:40:118  INFO 26424 --- [SpringContextShutdownHook] c.a.n.c.remote.client.grpc.GrpcClient    : Shutdown grpc executor java.util.concurrent.ThreadPoolExecutor@40bbe758[Running, pool size = 5, active threads = 0, queued tasks = 0, completed tasks = 1248]
21:10:40:122  INFO 26424 --- [SpringContextShutdownHook] com.zaxxer.hikari.HikariDataSource       : HikariPool-1 - Shutdown initiated...
21:10:40:129  INFO 26424 --- [SpringContextShutdownHook] com.zaxxer.hikari.HikariDataSource       : HikariPool-1 - Shutdown completed.
21:10:40:133  INFO 26424 --- [NettyClientSelector_TMROLE_1_1] i.s.c.r.n.AbstractNettyRemotingClient    : channel inactive: [id: 0xba5e912b, L:/192.168.115.1:57140 ! R:/192.168.115.132:8099]
21:10:40:133  INFO 26424 --- [NettyClientSelector_TMROLE_1_1] i.s.c.r.netty.NettyClientChannelManager  : return to pool, rm channel:[id: 0xba5e912b, L:/192.168.115.1:57140 ! R:/192.168.115.132:8099]
21:10:40:133  INFO 26424 --- [NettyClientSelector_TMROLE_1_1] i.s.core.rpc.netty.NettyPoolableFactory  : channel valid false,channel:[id: 0xba5e912b, L:/192.168.115.1:57140 ! R:/192.168.115.132:8099]
21:10:40:133  INFO 26424 --- [NettyClientSelector_TMROLE_1_1] i.s.core.rpc.netty.NettyPoolableFactory  : will destroy channel:[id: 0xba5e912b, L:/192.168.115.1:57140 ! R:/192.168.115.132:8099]
21:10:40:133  INFO 26424 --- [NettyClientSelector_TMROLE_1_1] i.s.c.r.n.AbstractNettyRemotingClient    : ChannelHandlerContext(AbstractNettyRemotingClient$ClientHandler#0, [id: 0xba5e912b, L:/192.168.115.1:57140 ! R:/192.168.115.132:8099]) will closed
21:10:40:133  INFO 26424 --- [NettyClientSelector_TMROLE_1_1] i.s.c.r.n.AbstractNettyRemotingClient    : ChannelHandlerContext(AbstractNettyRemotingClient$ClientHandler#0, [id: 0xba5e912b, L:/192.168.115.1:57140 ! R:/192.168.115.132:8099]) will closed
21:10:40:133  INFO 26424 --- [NettyClientSelector_RMROLE_1_1] i.s.c.r.n.AbstractNettyRemotingClient    : channel inactive: [id: 0x937786f3, L:/192.168.115.1:57152 ! R:/192.168.115.132:8099]
21:10:40:133  INFO 26424 --- [NettyClientSelector_RMROLE_1_1] i.s.c.r.netty.NettyClientChannelManager  : return to pool, rm channel:[id: 0x937786f3, L:/192.168.115.1:57152 ! R:/192.168.115.132:8099]
21:10:40:133  INFO 26424 --- [NettyClientSelector_RMROLE_1_1] i.s.core.rpc.netty.NettyPoolableFactory  : channel valid false,channel:[id: 0x937786f3, L:/192.168.115.1:57152 ! R:/192.168.115.132:8099]
21:10:40:133  INFO 26424 --- [NettyClientSelector_RMROLE_1_1] i.s.core.rpc.netty.NettyPoolableFactory  : will destroy channel:[id: 0x937786f3, L:/192.168.115.1:57152 ! R:/192.168.115.132:8099]
21:10:40:134  INFO 26424 --- [NettyClientSelector_RMROLE_1_1] i.s.c.r.n.AbstractNettyRemotingClient    : ChannelHandlerContext(AbstractNettyRemotingClient$ClientHandler#0, [id: 0x937786f3, L:/192.168.115.1:57152 ! R:/192.168.115.132:8099]) will closed
21:10:40:134  INFO 26424 --- [NettyClientSelector_RMROLE_1_1] i.s.c.r.n.AbstractNettyRemotingClient    : ChannelHandlerContext(AbstractNettyRemotingClient$ClientHandler#0, [id: 0x937786f3, L:/192.168.115.1:57152 ! R:/192.168.115.132:8099]) will closed
